******************************************************************************
             TMS320C2000 Linker PC v5.2.4                      
******************************************************************************
>> Linked Wed Apr 13 12:07:19 2011

OUTPUT FILE NAME:   <./Debug/Seoho VD Drive Program.out>
ENTRY POINT SYMBOL: "_c_int00"  address: 0000cc55


MEMORY CONFIGURATION

         name            origin    length      used     unused   attr    fill
----------------------  --------  ---------  --------  --------  ----  --------
PAGE 0:
  BEGIN                 00000000   00000002  00000002  00000000  RWIX
  BOOT_RSVD             00000002   0000004e  00000000  0000004e  RWIX
  RAMM0                 00000050   000003b0  00000000  000003b0  RWIX
  RAML0                 00008000   00000200  0000009c  00000164  RWIX
  RAML1                 00008200   00006700  0000549f  00001261  RWIX
  CSM_RSVD              0033ff80   00000076  00000000  00000076  RWIX
  CSM_PWL               0033fff8   00000008  00000000  00000008  RWIX
  ADC_CAL               00380080   00000009  00000007  00000002  RWIX
  IQTABLES              003fe000   00000b50  00000000  00000b50  RWIX
  IQTABLES2             003feb50   0000008c  00000000  0000008c  RWIX
  FPUTABLES             003febdc   000006a0  000006a0  00000000  RWIX
  BOOTROM               003ff27c   00000d44  00000000  00000d44  RWIX
  RESET                 003fffc0   00000002  00000000  00000002  RWIX

PAGE 1:
  RAMM1                 00000400   00000400  00000400  00000000  RWIX
  DEV_EMU               00000880   00000180  000000d0  000000b0  RWIX
  FLASH_REGS            00000a80   00000060  00000008  00000058  RWIX
  CSM                   00000ae0   00000010  00000010  00000000  RWIX
  ADC_MIRROR            00000b00   00000010  00000010  00000000  RWIX
  XINTF                 00000b20   00000020  0000001e  00000002  RWIX
  CPU_TIMER0            00000c00   00000008  00000008  00000000  RWIX
  CPU_TIMER1            00000c08   00000008  00000008  00000000  RWIX
  CPU_TIMER2            00000c10   00000008  00000008  00000000  RWIX
  PIE_CTRL              00000ce0   00000020  0000001a  00000006  RWIX
  PIE_VECT              00000d00   00000100  00000100  00000000  RWIX
  DMA                   00001000   00000200  000000e0  00000120  RWIX
  ZONE0                 00004000   00001000  00000800  00000800  RWIX
  MCBSPA                00005000   00000040  00000025  0000001b  RWIX
  MCBSPB                00005040   00000040  00000025  0000001b  RWIX
  ECANA                 00006000   00000040  00000034  0000000c  RWIX
  ECANA_LAM             00006040   00000040  00000040  00000000  RWIX
  ECANA_MOTS            00006080   00000040  00000040  00000000  RWIX
  ECANA_MOTO            000060c0   00000040  00000040  00000000  RWIX
  ECANA_MBOX            00006100   00000100  00000100  00000000  RWIX
  ECANB                 00006200   00000040  00000034  0000000c  RWIX
  ECANB_LAM             00006240   00000040  00000040  00000000  RWIX
  ECANB_MOTS            00006280   00000040  00000040  00000000  RWIX
  ECANB_MOTO            000062c0   00000040  00000040  00000000  RWIX
  ECANB_MBOX            00006300   00000100  00000100  00000000  RWIX
  EPWM1                 00006800   00000022  00000022  00000000  RWIX
  EPWM2                 00006840   00000022  00000022  00000000  RWIX
  EPWM3                 00006880   00000022  00000022  00000000  RWIX
  EPWM4                 000068c0   00000022  00000022  00000000  RWIX
  EPWM5                 00006900   00000022  00000022  00000000  RWIX
  EPWM6                 00006940   00000022  00000022  00000000  RWIX
  ECAP1                 00006a00   00000020  00000020  00000000  RWIX
  ECAP2                 00006a20   00000020  00000020  00000000  RWIX
  ECAP3                 00006a40   00000020  00000020  00000000  RWIX
  ECAP4                 00006a60   00000020  00000020  00000000  RWIX
  ECAP5                 00006a80   00000020  00000020  00000000  RWIX
  ECAP6                 00006aa0   00000020  00000020  00000000  RWIX
  EQEP1                 00006b00   00000040  00000040  00000000  RWIX
  EQEP2                 00006b40   00000040  00000040  00000000  RWIX
  GPIOCTRL              00006f80   00000040  0000002e  00000012  RWIX
  GPIODAT               00006fc0   00000020  00000020  00000000  RWIX
  GPIOINT               00006fe0   00000020  0000000a  00000016  RWIX
  SYSTEM                00007010   00000020  00000020  00000000  RWIX
  SPIA                  00007040   00000010  00000010  00000000  RWIX
  SCIA                  00007050   00000010  00000010  00000000  RWIX
  XINTRUPT              00007070   00000010  00000010  00000000  RWIX
  ADC                   00007100   00000020  0000001e  00000002  RWIX
  SCIB                  00007750   00000010  00000010  00000000  RWIX
  SCIC                  00007770   00000010  00000010  00000000  RWIX
  I2CA                  00007900   00000040  00000022  0000001e  RWIX
  RAML4                 0000e900   00001600  000009ae  00000c52  RWIX
  CSM_PWL               0033fff8   00000008  00000008  00000000  RWIX


SECTION ALLOCATION MAP

 output                                  attributes/
section   page    origin      length       input sections
--------  ----  ----------  ----------   ----------------
codestart 
*          0    00000000    00000002     
                  00000000    00000002     Core_DSP2833x_CodeStartBranch.obj (codestart)

.pinit     0    00008000    00000000     UNINITIALIZED

.switch    0    00008000    0000009c     
                  00008000    0000009c     Shell_IO.obj (.switch)

.text      0    00008200    00004c50     
                  00008200    0000110f     Shell_IO.obj (.text)
                  0000930f    00000dc0     Core_Vector_Control.obj (.text)
                  0000a0cf    00000795     Core_Auto_Tuning.obj (.text)
                  0000a864    00000495     Core_RealSys_2833x.obj (.text)
                  0000acf9    00000449     Core_Speed_Calc.obj (.text)
                  0000b142    00000359     All_Interrupt.obj (.text)
                  0000b49b    00000316     Core_DSP2833x_DefaultIsr.obj (.text)
                  0000b7b1    000002db     Core_ADC_DAC.obj (.text)
                  0000ba8c    000002af     Core_Common_Module.obj (.text)
                  0000bd3b    0000023f     Core_Gpio_Xintf_Set.obj (.text)
                  0000bf7a    000001c6     All_Main.obj (.text)
                  0000c140    00000175     Shell_DSP2833x_Mcbsp.obj (.text)
                  0000c2b5    00000172     DEV_EasydspDac28335.obj (.text)
                  0000c427    00000156     Shell_State_Management.obj (.text)
                  0000c57d    00000115     Shell_Ref_Func.obj (.text)
                  0000c692    000000f5     Core_DSP2833x_SysCtrl.obj (.text)
                  0000c787    000000f1     Shell_Fault_Processing.obj (.text)
                  0000c878    000000cb     SCI_B.obj (.text)
                  0000c943    000000b1     Shell_ABS_Encoder.obj (.text)
                  0000c9f4    0000009a     abic.obj (.text)
                  0000ca8e    00000086     mb.obj (.text)
                  0000cb14    00000082     Core_DSP2833x_CpuTimers.obj (.text)
                  0000cb96    00000070     Seoho_DSP2833x_Xintf.obj (.text)
                  0000cc06    0000004f     rts2800_fpu32_fast_supplement.lib : atan2_f32.obj (.text)
                  0000cc55    00000046     rts2800_fpu32.lib : boot.obj (.text)
                  0000cc9b    00000034     rts2800_fpu32_fast_supplement.lib : cos_f32.obj (.text)
                  0000cccf    00000034                                       : sin_f32.obj (.text)
                  0000cd03    00000028     Core_DSP2833x_PieCtrl.obj (.text)
                  0000cd2b    00000026     crc.obj (.text)
                  0000cd51    00000022     rts2800_fpu32.lib : i_div.obj (.text)
                  0000cd73    00000021     rts2800_fpu32_fast_supplement.lib : sqrt_f32.obj (.text)
                  0000cd94    00000020     Core_DSP2833x_PieVect.obj (.text)
                  0000cdb4    00000020     rts2800_fpu32.lib : strncpy.obj (.text)
                  0000cdd4    0000001b                       : args_main.obj (.text)
                  0000cdef    00000019                       : exit.obj (.text)
                  0000ce08    00000019     rts2800_fpu32_fast_supplement.lib : div_f32.obj (.text)
                  0000ce21    00000017     Core_DSP2833x_MemCopy.obj (.text)
                  0000ce38    00000009     rts2800_fpu32.lib : _lock.obj (.text)
                  0000ce41    00000008     Core_DSP2833x_CodeStartBranch.obj (.text)
                  0000ce49    00000007     rts2800_fpu32.lib : memset.obj (.text)

.cinit     0    0000ce50    0000070c     
                  0000ce50    00000317     All_Main.obj (.cinit)
                  0000d167    00000182     Shell_IO.obj (.cinit)
                  0000d2e9    00000091     Core_Auto_Tuning.obj (.cinit)
                  0000d37a    0000008a     Core_Vector_Control.obj (.cinit)
                  0000d404    0000005a     Core_Speed_Calc.obj (.cinit)
                  0000d45e    0000004c     All_Interrupt.obj (.cinit)
                  0000d4aa    0000002d     abic.obj (.cinit)
                  0000d4d7    0000002a     Core_RealSys_2833x.obj (.cinit)
                  0000d501    00000019     Shell_Ref_Func.obj (.cinit)
                  0000d51a    00000018     SCI_B.obj (.cinit)
                  0000d532    0000000c     Core_ADC_DAC.obj (.cinit)
                  0000d53e    0000000a     rts2800_fpu32.lib : _lock.obj (.cinit)
                  0000d548    0000000a                       : exit.obj (.cinit)
                  0000d552    00000004     DEV_EasydspDac28335.obj (.cinit)
                  0000d556    00000004     Shell_Fault_Processing.obj (.cinit)
                  0000d55a    00000002     --HOLE-- [fill = 0]

ramfuncs   0    0000d55c    00000143     
                  0000d55c    000000b6     Core_RealSys_2833x.obj (ramfuncs)
                  0000d612    0000006e     SCI_B.obj (ramfuncs)
                  0000d680    0000001b     Core_DSP2833x_SysCtrl.obj (ramfuncs)
                  0000d69b    00000004     Core_DSP2833x_usDelay.obj (ramfuncs)

csm_rsvd   0    0033ff80    00000000     DSECT

csmpasswds 
*          0    0033fff8    00000000     DSECT

.adc_cal   0    00380080    00000007     NOLOAD SECTION
                  00380080    00000007     Core_DSP2833x_ADC_cal.obj (.adc_cal)

FPUmathTables 
*          0    003febdc    000006a0     NOLOAD SECTION
                  003febdc    000006a0     rts2800_fpu32_fast_supplement.lib : FPUmathTables.obj (FPUmathTables)

.reset     0    003fffc0    00000002     DSECT
                  003fffc0    00000002     rts2800_fpu32.lib : boot.obj (.reset)

.stack     1    00000400    00000400     UNINITIALIZED
                  00000400    00000400     --HOLE--

DevEmuRegsFile 
*          1    00000880    000000d0     UNINITIALIZED
                  00000880    000000d0     Core_DSP2833x_GlobalVariableDefs.obj (DevEmuRegsFile)

FlashRegsFile 
*          1    00000a80    00000008     UNINITIALIZED
                  00000a80    00000008     Core_DSP2833x_GlobalVariableDefs.obj (FlashRegsFile)

CsmRegsFile 
*          1    00000ae0    00000010     UNINITIALIZED
                  00000ae0    00000010     Core_DSP2833x_GlobalVariableDefs.obj (CsmRegsFile)

AdcMirrorFile 
*          1    00000b00    00000010     UNINITIALIZED
                  00000b00    00000010     Core_DSP2833x_GlobalVariableDefs.obj (AdcMirrorFile)

XintfRegsFile 
*          1    00000b20    0000001e     UNINITIALIZED
                  00000b20    0000001e     Core_DSP2833x_GlobalVariableDefs.obj (XintfRegsFile)

CpuTimer0RegsFile 
*          1    00000c00    00000008     UNINITIALIZED
                  00000c00    00000008     Core_DSP2833x_GlobalVariableDefs.obj (CpuTimer0RegsFile)

CpuTimer1RegsFile 
*          1    00000c08    00000008     UNINITIALIZED
                  00000c08    00000008     Core_DSP2833x_GlobalVariableDefs.obj (CpuTimer1RegsFile)

CpuTimer2RegsFile 
*          1    00000c10    00000008     UNINITIALIZED
                  00000c10    00000008     Core_DSP2833x_GlobalVariableDefs.obj (CpuTimer2RegsFile)

PieCtrlRegsFile 
*          1    00000ce0    0000001a     UNINITIALIZED
                  00000ce0    0000001a     Core_DSP2833x_GlobalVariableDefs.obj (PieCtrlRegsFile)

PieVectTableFile 
*          1    00000d00    00000100     UNINITIALIZED
                  00000d00    00000100     Core_DSP2833x_GlobalVariableDefs.obj (PieVectTableFile)

DmaRegsFile 
*          1    00001000    000000e0     UNINITIALIZED
                  00001000    000000e0     Core_DSP2833x_GlobalVariableDefs.obj (DmaRegsFile)

ZONE0DATA 
*          1    00004000    00000800     UNINITIALIZED
                  00004000    00000800     All_Main.obj (ZONE0DATA)

McbspaRegsFile 
*          1    00005000    00000025     UNINITIALIZED
                  00005000    00000025     Core_DSP2833x_GlobalVariableDefs.obj (McbspaRegsFile)

McbspbRegsFile 
*          1    00005040    00000025     UNINITIALIZED
                  00005040    00000025     Core_DSP2833x_GlobalVariableDefs.obj (McbspbRegsFile)

ECanaRegsFile 
*          1    00006000    00000034     UNINITIALIZED
                  00006000    00000034     Core_DSP2833x_GlobalVariableDefs.obj (ECanaRegsFile)

ECanaLAMRegsFile 
*          1    00006040    00000040     UNINITIALIZED
                  00006040    00000040     Core_DSP2833x_GlobalVariableDefs.obj (ECanaLAMRegsFile)

ECanaMOTSRegsFile 
*          1    00006080    00000040     UNINITIALIZED
                  00006080    00000040     Core_DSP2833x_GlobalVariableDefs.obj (ECanaMOTSRegsFile)

ECanaMOTORegsFile 
*          1    000060c0    00000040     UNINITIALIZED
                  000060c0    00000040     Core_DSP2833x_GlobalVariableDefs.obj (ECanaMOTORegsFile)

ECanaMboxesFile 
*          1    00006100    00000100     UNINITIALIZED
                  00006100    00000100     Core_DSP2833x_GlobalVariableDefs.obj (ECanaMboxesFile)

ECanbRegsFile 
*          1    00006200    00000034     UNINITIALIZED
                  00006200    00000034     Core_DSP2833x_GlobalVariableDefs.obj (ECanbRegsFile)

ECanbLAMRegsFile 
*          1    00006240    00000040     UNINITIALIZED
                  00006240    00000040     Core_DSP2833x_GlobalVariableDefs.obj (ECanbLAMRegsFile)

ECanbMOTSRegsFile 
*          1    00006280    00000040     UNINITIALIZED
                  00006280    00000040     Core_DSP2833x_GlobalVariableDefs.obj (ECanbMOTSRegsFile)

ECanbMOTORegsFile 
*          1    000062c0    00000040     UNINITIALIZED
                  000062c0    00000040     Core_DSP2833x_GlobalVariableDefs.obj (ECanbMOTORegsFile)

ECanbMboxesFile 
*          1    00006300    00000100     UNINITIALIZED
                  00006300    00000100     Core_DSP2833x_GlobalVariableDefs.obj (ECanbMboxesFile)

EPwm1RegsFile 
*          1    00006800    00000022     UNINITIALIZED
                  00006800    00000022     Core_DSP2833x_GlobalVariableDefs.obj (EPwm1RegsFile)

EPwm2RegsFile 
*          1    00006840    00000022     UNINITIALIZED
                  00006840    00000022     Core_DSP2833x_GlobalVariableDefs.obj (EPwm2RegsFile)

EPwm3RegsFile 
*          1    00006880    00000022     UNINITIALIZED
                  00006880    00000022     Core_DSP2833x_GlobalVariableDefs.obj (EPwm3RegsFile)

EPwm4RegsFile 
*          1    000068c0    00000022     UNINITIALIZED
                  000068c0    00000022     Core_DSP2833x_GlobalVariableDefs.obj (EPwm4RegsFile)

EPwm5RegsFile 
*          1    00006900    00000022     UNINITIALIZED
                  00006900    00000022     Core_DSP2833x_GlobalVariableDefs.obj (EPwm5RegsFile)

EPwm6RegsFile 
*          1    00006940    00000022     UNINITIALIZED
                  00006940    00000022     Core_DSP2833x_GlobalVariableDefs.obj (EPwm6RegsFile)

ECap1RegsFile 
*          1    00006a00    00000020     UNINITIALIZED
                  00006a00    00000020     Core_DSP2833x_GlobalVariableDefs.obj (ECap1RegsFile)

ECap2RegsFile 
*          1    00006a20    00000020     UNINITIALIZED
                  00006a20    00000020     Core_DSP2833x_GlobalVariableDefs.obj (ECap2RegsFile)

ECap3RegsFile 
*          1    00006a40    00000020     UNINITIALIZED
                  00006a40    00000020     Core_DSP2833x_GlobalVariableDefs.obj (ECap3RegsFile)

ECap4RegsFile 
*          1    00006a60    00000020     UNINITIALIZED
                  00006a60    00000020     Core_DSP2833x_GlobalVariableDefs.obj (ECap4RegsFile)

ECap5RegsFile 
*          1    00006a80    00000020     UNINITIALIZED
                  00006a80    00000020     Core_DSP2833x_GlobalVariableDefs.obj (ECap5RegsFile)

ECap6RegsFile 
*          1    00006aa0    00000020     UNINITIALIZED
                  00006aa0    00000020     Core_DSP2833x_GlobalVariableDefs.obj (ECap6RegsFile)

EQep1RegsFile 
*          1    00006b00    00000040     UNINITIALIZED
                  00006b00    00000040     Core_DSP2833x_GlobalVariableDefs.obj (EQep1RegsFile)

EQep2RegsFile 
*          1    00006b40    00000040     UNINITIALIZED
                  00006b40    00000040     Core_DSP2833x_GlobalVariableDefs.obj (EQep2RegsFile)

GpioCtrlRegsFile 
*          1    00006f80    0000002e     UNINITIALIZED
                  00006f80    0000002e     Core_DSP2833x_GlobalVariableDefs.obj (GpioCtrlRegsFile)

GpioDataRegsFile 
*          1    00006fc0    00000020     UNINITIALIZED
                  00006fc0    00000020     Core_DSP2833x_GlobalVariableDefs.obj (GpioDataRegsFile)

GpioIntRegsFile 
*          1    00006fe0    0000000a     UNINITIALIZED
                  00006fe0    0000000a     Core_DSP2833x_GlobalVariableDefs.obj (GpioIntRegsFile)

SysCtrlRegsFile 
*          1    00007010    00000020     UNINITIALIZED
                  00007010    00000020     Core_DSP2833x_GlobalVariableDefs.obj (SysCtrlRegsFile)

SpiaRegsFile 
*          1    00007040    00000010     UNINITIALIZED
                  00007040    00000010     Core_DSP2833x_GlobalVariableDefs.obj (SpiaRegsFile)

SciaRegsFile 
*          1    00007050    00000010     UNINITIALIZED
                  00007050    00000010     Core_DSP2833x_GlobalVariableDefs.obj (SciaRegsFile)

XIntruptRegsFile 
*          1    00007070    00000010     UNINITIALIZED
                  00007070    00000010     Core_DSP2833x_GlobalVariableDefs.obj (XIntruptRegsFile)

AdcRegsFile 
*          1    00007100    0000001e     UNINITIALIZED
                  00007100    0000001e     Core_DSP2833x_GlobalVariableDefs.obj (AdcRegsFile)

ScibRegsFile 
*          1    00007750    00000010     UNINITIALIZED
                  00007750    00000010     Core_DSP2833x_GlobalVariableDefs.obj (ScibRegsFile)

ScicRegsFile 
*          1    00007770    00000010     UNINITIALIZED
                  00007770    00000010     Core_DSP2833x_GlobalVariableDefs.obj (ScicRegsFile)

I2caRegsFile 
*          1    00007900    00000022     UNINITIALIZED
                  00007900    00000022     Core_DSP2833x_GlobalVariableDefs.obj (I2caRegsFile)

.ebss      1    0000e900    000005d8     UNINITIALIZED
                  0000e900    000002d0     All_Main.obj (.ebss)
                  0000ebd0    00000026     Core_Speed_Calc.obj (.ebss)
                  0000ebf6    0000000a     Shell_Ref_Func.obj (.ebss)
                  0000ec00    000000b3     SCI_B.obj (.ebss)
                  0000ecb3    00000001     Shell_Fault_Processing.obj (.ebss)
                  0000ecb4    00000004     rts2800_fpu32.lib : _lock.obj (.ebss)
                  0000ecb8    00000004                       : exit.obj (.ebss)
                  0000ecbc    00000003     Core_ADC_DAC.obj (.ebss)
                  0000ecbf    00000001     --HOLE--
                  0000ecc0    0000008e     Shell_IO.obj (.ebss)
                  0000ed4e    00000024     DEV_EasydspDac28335.obj (.ebss)
                  0000ed72    00000003     mb.obj (.ebss)
                  0000ed75    0000000b     --HOLE--
                  0000ed80    00000073     Core_RealSys_2833x.obj (.ebss)
                  0000edf3    0000000d     --HOLE--
                  0000ee00    0000003e     Core_Vector_Control.obj (.ebss)
                  0000ee3e    00000002     --HOLE--
                  0000ee40    00000038     Core_Auto_Tuning.obj (.ebss)
                  0000ee78    00000008     --HOLE--
                  0000ee80    00000021     abic.obj (.ebss)
                  0000eea1    00000001     --HOLE--
                  0000eea2    0000001a     All_Interrupt.obj (.ebss)
                  0000eebc    00000004     --HOLE--
                  0000eec0    00000018     Core_DSP2833x_CpuTimers.obj (.ebss)

.econst    1    0000eed8    000003d6     
                  0000eed8    00000100     Core_DSP2833x_PieVect.obj (.econst)
                  0000efd8    00000100     crc.obj (.econst:_abCrcHi)
                  0000f0d8    00000100     crc.obj (.econst:_abCrcLo)
                  0000f1d8    00000093     Shell_State_Management.obj (.econst:.string)
                  0000f26b    00000001     --HOLE-- [fill = 0]
                  0000f26c    0000001b     All_Main.obj (.econst:.string)
                  0000f287    00000001     --HOLE-- [fill = 0]
                  0000f288    0000000f     Shell_Fault_Processing.obj (.econst:.string)
                  0000f297    00000001     --HOLE-- [fill = 0]
                  0000f298    0000000b     Core_ADC_DAC.obj (.econst:.string)
                  0000f2a3    00000001     --HOLE-- [fill = 0]
                  0000f2a4    0000000a     Core_RealSys_2833x.obj (.econst:.string)

CsmPwlFile 
*          1    0033fff8    00000008     UNINITIALIZED
                  0033fff8    00000008     Core_DSP2833x_GlobalVariableDefs.obj (CsmPwlFile)


GLOBAL SYMBOLS: SORTED ALPHABETICALLY BY Name 

address    name
--------   ----
00008200   .text
0000cdef   C$$EXIT
0000ce08   FS$$DIV
0000cd51   I$$DIV
0000cd62   I$$MOD
0000c9f4   _ABIC_AutoBaud
0000ca0b   _ABIC_NormalMode
0000ca2a   _ABIC_ReadOutData
0000ca5c   _ABIC_WriteInData
0000b581   _ADCINT_ISR
00380080   _ADC_cal
0000ecc0   _ADTest
0000e9a6   _Accel_time
0000e9ce   _Accel_time_Auto_tuning
00000b00   _AdcMirror
00007100   _AdcRegs
0000e900   _Adc_AIN_3
0000e902   _Adc_AIN_4
0000e904   _Adc_AIN_5
0000e907   _Adc_AIN_I1
0000e908   _Adc_AIN_I2
0000e909   _Adc_AIN_V1
0000e901   _Adc_AIN_V2
0000e910   _Adc_Temperature
0000e922   _Adc_Uphase
0000e903   _Adc_V_Range
0000e906   _Adc_Vdc
0000e921   _Adc_Vphase
0000e905   _Adc_Wphase
0000e9a4   _AnaCmdReference
00009214   _AnalogInputProcessing
0000a0cf   _Auto_Tuning
0000e91c   _Auto_tuning_index
0000c9c5   _BinaryToDecimal
0000e9d4   _Bm
0000ed02   _CH1_COUNT_AT_0MA
0000ecfc   _CH1_COUNT_AT_0V
0000ecfa   _CH1_COUNT_AT_10V
0000ed0e   _CH1_COUNT_AT_20MA
0000ed00   _CH1_COUNT_AT_4MA
0000ed04   _CH2_COUNT_AT_0MA
0000ed12   _CH2_COUNT_AT_0V
0000ed08   _CH2_COUNT_AT_10V
0000ed0c   _CH2_COUNT_AT_20MA
0000ecfe   _CH2_COUNT_AT_4MA
0000ed06   _CH3_COUNT_AT_0MA
0000ece8   _CH3_COUNT_AT_0V
0000ecf6   _CH3_COUNT_AT_10V
0000ecea   _CH3_COUNT_AT_20MA
0000ed10   _CH3_COUNT_AT_4MA
0000ece4   _CH4_COUNT_AT_0MA
0000ece6   _CH4_COUNT_AT_0V
0000ecf4   _CH4_COUNT_AT_10V
0000ecec   _CH4_COUNT_AT_20MA
0000ece2   _CH4_COUNT_AT_4MA
0000ed0a   _CH5_COUNT_AT_0MA
0000ecf8   _CH5_COUNT_AT_0V
0000ecf2   _CH5_COUNT_AT_10V
0000ecee   _CH5_COUNT_AT_20MA
0000ecf0   _CH5_COUNT_AT_4MA
00009300   _CheckOptionCardID
0000923f   _CheckPowerVersion
0000e911   _Command
0000cb5b   _ConfigCpuTimer
0000e950   _Cos_Theta
0000e94c   _Cos_Theta_vtg
0000eed0   _CpuTimer0
00000c00   _CpuTimer0Regs
0000eec0   _CpuTimer1
00000c08   _CpuTimer1Regs
0000eec8   _CpuTimer2
00000c10   _CpuTimer2Regs
0033fff8   _CsmPwl
00000ae0   _CsmRegs
0000c756   _CsmUnlock
000097e6   _Current_Controller
0000e97c   _DA1
0000e97a   _DA1_mid
0000e978   _DA1_rng
0000e90f   _DA1_val
0000e976   _DA2
0000e974   _DA2_mid
0000e972   _DA2_rng
0000e913   _DA2_val
0000e996   _DA3
0000e986   _DA3_mid
0000e984   _DA3_rng
0000e912   _DA3_val
0000e982   _DA4
0000e980   _DA4_mid
0000e97e   _DA4_rng
0000e90b   _DA4_val
0000c2ed   _DAC_Out
0000b9e2   _DAC_Setup
0000b4af   _DATALOG_ISR
0000b3e3   _DB_Controller
0000b6a3   _DINTCH1_ISR
0000b6ad   _DINTCH2_ISR
0000b6b7   _DINTCH3_ISR
0000b6c1   _DINTCH4_ISR
0000b6cb   _DINTCH5_ISR
0000b6d5   _DINTCH6_ISR
00008220   _DI_Function
0000848b   _DI_Processing
0000846e   _DI_RUN_DIR
0000d69b   _DSP28x_usDelay
0000e9c8   _Decel_time
0000e9c4   _Decel_time_Auto_tuning
0000c943   _DecimalToBianary
00000880   _DevEmuRegs
0000c6a5   _DisableDog
00001000   _DmaRegs
0000e948   _DrivePower
0000b142   _Driver_Calibration
0000e91a   _Driver_ON
0000ea60   _DutyCount
0000b72f   _ECAN0INTA_ISR
0000b743   _ECAN0INTB_ISR
0000b739   _ECAN1INTA_ISR
0000b74d   _ECAN1INTB_ISR
0000b617   _ECAP1_INT_ISR
0000b621   _ECAP2_INT_ISR
0000b62b   _ECAP3_INT_ISR
0000b635   _ECAP4_INT_ISR
0000b63f   _ECAP5_INT_ISR
0000b649   _ECAP6_INT_ISR
00006040   _ECanaLAMRegs
000060c0   _ECanaMOTORegs
00006080   _ECanaMOTSRegs
00006100   _ECanaMboxes
00006000   _ECanaRegs
00006240   _ECanbLAMRegs
000062c0   _ECanbMOTORegs
00006280   _ECanbMOTSRegs
00006300   _ECanbMboxes
00006200   _ECanbRegs
00006a00   _ECap1Regs
00006a20   _ECap2Regs
00006a40   _ECap3Regs
00006a60   _ECap4Regs
00006a80   _ECap5Regs
00006aa0   _ECap6Regs
0000b4c3   _EMUINT_ISR
0000b5db   _EPWM1_INT_ISR
0000b59f   _EPWM1_TZINT_ISR
0000b5e5   _EPWM2_INT_ISR
0000b5a9   _EPWM2_TZINT_ISR
0000b5ef   _EPWM3_INT_ISR
0000b5b3   _EPWM3_TZINT_ISR
0000b5f9   _EPWM4_INT_ISR
0000b5bd   _EPWM4_TZINT_ISR
0000b603   _EPWM5_INT_ISR
0000b5c7   _EPWM5_TZINT_ISR
0000b60d   _EPWM6_INT_ISR
0000b5d1   _EPWM6_TZINT_ISR
0000c013   _EPWM_Initialization
00006800   _EPwm1Regs
00006840   _EPwm2Regs
00006880   _EPwm3Regs
000068c0   _EPwm4Regs
00006900   _EPwm5Regs
00006940   _EPwm6Regs
0000e91b   _EPwmPeriodCount
0000b653   _EQEP1_INT_ISR
0000b65d   _EQEP2_INT_ISR
00006b00   _EQep1Regs
00006b40   _EQep2Regs
0000cd22   _EnableInterrupts
0000bf8a   _F28335PowerOnSet
003ff0de   _FPUatan2HalfPITable
003ff0e2   _FPUatan2Table
003ff268   _FPUatan2TableEnd
003fecdc   _FPUcosTable
003ff0de   _FPUcosTableEnd
003febdc   _FPUsinTable
003fefdc   _FPUsinTableEnd
0000eb80   _FaultInfo
0000c7ad   _Fault_Processing
0000c787   _Fault_Recording
00009cd2   _Field_Weakening
0000e9a0   _Final_reference
0000ea64   _Flag
0000e942   _Flag_AT
00000a80   _FlashRegs
00009e43   _Flux_Controller
00009413   _Flux_Estimation
0000e919   _Flux_build_up
0000e91e   _Frame_ByteCnt
0000e923   _Frame_StackPtr
0000ea26   _Freq_Fst
0000cd2b   _GenerateCrc
00008602   _GetAnaCount
0000b331   _GetAnaMonitCount
000087c4   _GetAnalogRef
0000b810   _GetSensorValue
00006f80   _GpioCtrlRegs
00006fc0   _GpioDataRegs
00006fe0   _GpioIntRegs
0000c971   _GrayToBinary
0000b6df   _I2CINT1A_ISR
0000b6e9   _I2CINT2A_ISR
00007900   _I2caRegs
0000b4d7   _ILLEGAL_ISR
0000b49b   _INT13_ISR
0000b4a5   _INT14_ISR
0000ea4e   _Ias
0000ea54   _Ias_offset
0000ea50   _Ias_ref
0000ea48   _Ibs
0000ea5c   _Ibs_offset
0000ea3e   _Ibs_ref
0000ea4a   _Ics
0000ea40   _Ics_ref
0000ea44   _Idse
0000ea5e   _Idse_ref
0000ea14   _Idse_ref_max
0000ea52   _Idss
0000ea56   _Idss_ref
0000b7b1   _InitAdc
0000cb14   _InitCpuTimers
0000d680   _InitFlash
0000bd3b   _InitGpio
0000c140   _InitMcbsp
0000c229   _InitMcbspGpio
0000c145   _InitMcbspa
0000c1b4   _InitMcbspa12bit
0000c1bf   _InitMcbspa16bit
0000c1ca   _InitMcbspa20bit
0000c1d5   _InitMcbspa24bit
0000c1e0   _InitMcbspa32bit
0000c1ad   _InitMcbspa8bit
0000c22e   _InitMcbspaGpio
0000c181   _InitMcbspb
0000c1f2   _InitMcbspb12bit
0000c1fd   _InitMcbspb16bit
0000c208   _InitMcbspb20bit
0000c213   _InitMcbspb24bit
0000c21e   _InitMcbspb32bit
0000c1eb   _InitMcbspb8bit
0000c256   _InitMcbspbGpio
0000c6fb   _InitPeripheralClocks
0000cd03   _InitPieCtrl
0000cd94   _InitPieVectTable
0000c6ad   _InitPll
0000c692   _InitSysCtrl
0000cb96   _InitXintf
0000bf44   _InitXintf16Gpio
0000cbbf   _InitXintf32Gpio
0000e9a8   _Init_reference
0000e99e   _Init_reference_Auto_tuning
0000e992   _Interrupt_time_max
0000ea58   _Iqse
0000ea1a   _Iqse_max_fw
0000ea38   _Iqse_ref
0000ea42   _Iqss
0000ea5a   _Iqss_ref
0000ea3c   _Is_mag
0000ea46   _Is_mag_rms
0000ea3a   _Is_max
0000ea00   _Is_rate
0000e9d6   _Jm
0000e9ae   _Jm_est
0000ea34   _K_CM1
0000ea2a   _K_CM2
0000ea2c   _K_fw1
0000ea36   _K_fw2
0000e96a   _Ka_cc
0000ea22   _Ka_fc
0000e956   _Ka_sc
0000ea20   _Ki_Fst
0000e958   _Ki_cc
0000ea28   _Ki_fc
0000e960   _Ki_sc
0000ea32   _Kp_Fst
0000e95e   _Kp_cc
0000ea1e   _Kp_fc
0000e95a   _Kp_sc
0000e9f6   _Kt
0000e968   _L1_sp_est
0000e96e   _L2_sp_est
0000e964   _L3_sp_est
0000e962   _L3_sp_tmp
0000ea10   _LAMdre
0000ea12   _LAMdre_flt
0000e9e4   _LAMdre_rate
0000e9d8   _LAMdre_ref
0000e9b0   _LAMdrs
0000e9b4   _LAMdrs_cm
0000e9ac   _LAMdrs_vm
0000e9a2   _LAMqrs
0000e9aa   _LAMqrs_cm
0000e9b6   _LAMqrs_vm
000091f5   _LPF1
0000b793   _LUF_ISR
0000b789   _LVF_ISR
0000e9fe   _Llr
0000e9f8   _Lls
0000e9e2   _Lm
0000e9f2   _Load_Power
0000e9da   _Lr
0000e9f4   _Ls
0000e9e6   _Lsigma
0000ca9b   _MB_SendRecModbusMessage
0000ed72   _MB_bCRCCounter
0000ed73   _MB_bTimeOutCounter
0000ed74   _MB_iTimeOutTime
0000b68f   _MRINTA_ISR
0000b67b   _MRINTB_ISR
0000b699   _MXINTA_ISR
0000b685   _MXINTB_ISR
0000b20f   _MainPWM
0000e970   _Main_counter
0000b42e   _Mcbsp_RxINTA_ISR
0000b419   _Mcbsp_TxINTA_ISR
00005000   _McbspaRegs
00005040   _McbspbRegs
0000ce21   _MemCopy
0000eac0   _MonitorMsg
000083c0   _Multi_Step_Processing
0000b4cd   _NMI_ISR
0000e91f   _NewFrame_ByteCnt
0000e927   _NewFrame_Detect
0000e926   _NewFrame_Packet_State
0000e924   _NewFrame_StackPtr
0000bf7a   _Nop
0000e941   _Number_of_turns
0000e90c   _Number_of_turns_buf
0000ecca   _P11_0
0000ecc9   _P11_1
0000ed1e   _P11_2
0000ed4a   _P11_3
0000ed42   _P11_4
0000ed44   _P11_5
0000eccb   _P11_6
0000eccc   _P12_0
0000ecd5   _P12_1
0000ecd8   _P12_2
0000ecd7   _P12_3
0000ecd3   _P12_4
0000ecd2   _P12_5
0000ecd4   _P12_6
0000ecc1   _P12_7
0000ed40   _P19_3
0000ed18   _P1_0
0000ed1a   _P1_1
0000ed14   _P1_2
0000ed16   _P1_3
0000ed24   _P1_4
0000ed20   _P1_5
0000ed22   _P1_6
0000ed1c   _P1_7
0000ecc2   _P6_0
0000ecc8   _P6_1
0000ecc7   _P6_2
0000ecdc   _P6_3
0000ecda   _P6_4
0000ece0   _P6_5
0000ecde   _P6_6
0000ecc4   _P6_7
0000ecc3   _P6_8
0000ecc5   _P6_9
0000ecd6   _P8_1
0000ecd1   _P8_2
0000eccd   _P8_3
0000ecd0   _P8_4
0000ecce   _P8_5
0000eccf   _P8_6
0000ed32   _P9_0
0000ed3c   _P9_1
0000ed26   _P9_10
0000ed28   _P9_11
0000ed36   _P9_12
0000ed38   _P9_13
0000ed34   _P9_14
0000ed30   _P9_15
0000ecc6   _P9_16
0000ed3e   _P9_2
0000ed4c   _P9_3
0000ed46   _P9_4
0000ed48   _P9_5
0000ed3a   _P9_6
0000ed2c   _P9_7
0000ed2e   _P9_8
0000ed2a   _P9_9
0000b79d   _PIE_RESERVED
0000e93c   _PPR
0000b39e   _PWM_ON_OFF
0000e920   _Packet_ByteCnt
0000e925   _Packet_StackPtr
00000ce0   _PieCtrlRegs
00000d00   _PieVectTable
0000eed8   _PieVectTableInit
0000e9d2   _Pole_pair
0000a036   _Position_Control
0000eb00   _RRXD_Stack
0000b4b9   _RTOSINT_ISR
0000e915   _RXD
0000eb40   _RXD_Stack
0000e916   _RXD_StackReadPtr
0000e914   _RXD_StackWritePtr
0000c57d   _Reference_Function
0000a779   _Reference_Function_Auto_Tuning
0000e9e0   _Rr
0000e9de   _Rs
0000b707   _SCIRXINTA_ISR
0000b71b   _SCIRXINTB_ISR
0000b6f3   _SCIRXINTC_ISR
0000b711   _SCITXINTA_ISR
0000b725   _SCITXINTB_ISR
0000b6fd   _SCITXINTC_ISR
0000c904   _SD_CharReceived
0000c8ef   _SD_GetChar
0000b559   _SEQ1INT_ISR
0000b563   _SEQ2INT_ISR
0000b667   _SPIRXINTA_ISR
0000b671   _SPITXINTA_ISR
000099ee   _SVPWM
00007050   _SciaRegs
00007750   _ScibRegs
00007770   _ScicRegs
0000c69b   _ServiceDog
0000e946   _Sin_Theta
0000e94a   _Sin_Theta_vtg
0000acf9   _Speed_Calculation_ABS
00009f0c   _Speed_Controller
00007040   _SpiaRegs
0000e91d   _State_Index
0000c427   _State_Management
0000e939   _Steps_buf1
0000e93b   _Steps_buf2
0000e93a   _Steps_per_turn
0000e90e   _Steps_per_turn_buf
0000e9e8   _Supply_Voltage
00007010   _SysCtrlRegs
0000b58b   _TINT0_ISR
0000ca8e   _TM_StartTimer
0000ca92   _TM_TimeOut
0000ea90   _TTXD_Stack
0000eaa4   _TXD_Stack
0000e917   _TXD_StackReadPtr
0000e918   _TXD_StackWritePtr
0000e944   _T_dead_Tuning
0000e952   _Te
0000e9fc   _Temp_HHH1
0000e9ee   _Temp_HHH2
0000e9f0   _Temp_HHH3
0000e96c   _Theta
0000e990   _Theta_err
0000e9ea   _Theta_ref
0000e966   _Thetar
0000b53b   _USER10_ISR
0000b545   _USER11_ISR
0000b54f   _USER12_ISR
0000b4e1   _USER1_ISR
0000b4eb   _USER2_ISR
0000b4f5   _USER3_ISR
0000b4ff   _USER4_ISR
0000b509   _USER5_ISR
0000b513   _USER6_ISR
0000b51d   _USER7_ISR
0000b527   _USER8_ISR
0000b531   _USER9_ISR
0000930f   _VF_Controller
0000baa7   _Variable_Initialization
0000e9c6   _Vdc
0000e9d0   _Vdc_max
0000e9c0   _Vdse_ref
0000e9c2   _Vdse_ref_fb
0000e9cc   _Vdss_ref
0000e9ca   _Vdss_ref_old
0000ea4c   _Vqse_ref
0000e9b8   _Vqse_ref_fb
0000e9ba   _Vqse_ref_integ
0000e9be   _Vqss_ref
0000e9bc   _Vqss_ref_old
0000b595   _WAKEINT_ISR
0000ea30   _Wc_Fst
0000e954   _Wc_cc
0000ea1c   _Wc_fc
0000e95c   _Wc_sc
0000ea18   _We
0000ea06   _Wr
0000ea0e   _Wrm_det
0000ea0a   _Wrm_det_flt
0000e994   _Wrn1
0000ea08   _Wrpm_det
0000e998   _Wrpm_det1
0000ea02   _Wrpm_fw1
0000ea04   _Wrpm_fw2
0000e9ec   _Wrpm_max
0000e9fa   _Wrpm_rate
0000ea0c   _Wrpm_ref
0000e9b2   _Wrpm_scale
0000b56d   _XINT1_ISR
0000b577   _XINT2_ISR
0000b757   _XINT3_ISR
0000b761   _XINT4_ISR
0000b76b   _XINT5_ISR
0000b775   _XINT6_ISR
0000b77f   _XINT7_ISR
00007070   _XIntruptRegs
00000b20   _XintfRegs
00004000   _ZONE0_BUF
00000800   __STACK_END
00000400   __STACK_SIZE
00000001   __TI_args_main
ffffffff   ___binit__
ffffffff   ___c_args__
0000ce50   ___cinit__
0000ce50   ___etext__
ffffffff   ___pinit__
00008200   ___text__
0000cdd4   __args_main
0000ecb8   __cleanup_ptr
0000ecba   __dtors_ptr
0000ecb6   __lock
0000ce40   __nop
0000ce3c   __register_lock
0000ce38   __register_unlock
00000400   __stack
0000ecb4   __unlock
0000ee86   _abCheckRequest
0000efd8   _abCrcHi
0000f0d8   _abCrcLo
0000ee96   _abRequest
0000ee8c   _abResponse
0000ee80   _abSetRequest
0000cdef   _abort
0000e90d   _abs_position
0000e940   _abs_position_final
0000a864   _asc2hex
0000cc06   _atan2
0000ea6a   _bin
0000cc55   _c_int00
0000c294   _clkg_delay_loop
0000cc9b   _cos
0000e98c   _cos_theta
0000ed81   _debug_cnt
0000ed88   _debug_rd_addr
0000ed8a   _debug_rd_addr_tmp
0000ed80   _debug_state
0000ed82   _debug_sum
0000ed83   _debug_sum_temp
0000edc0   _debug_tx_buf
0000ed85   _debug_tx_end
0000ed87   _debug_tx_pos
0000ed8c   _debug_wr_addr
0000ed8e   _debug_wr_data
0000ed86   _debug_wr_size
0000ed84   _debug_wr_sum_flag
0000ed52   _deg_Dac
0000ed4e   _deg_sDacTmp
0000c27e   _delay_loop
0000c3af   _dev_BackgroundDAC
0000c2b5   _dev_DacSetup
0000c2cd   _dev_InitDACVariable
0000c31c   _dev_SendDAC
0000853c   _digital_out_proc
0000850e   _digital_port_check
0000848a   _driver_enable_proc
0000e99c   _etest1
0000e99a   _etest2
0000ea24   _etest3
0000e98a   _etest4
0000cdf1   _exit
0000ea2e   _freq_vf
0000ea16   _freq_vf_set
0000ea80   _g2b
0000e929   _gNum
0000ba8c   _get_command
0000a87b   _hex2asc
00008200   _input_state
0000e9dc   _inv_Jm
0000e93d   _inv_rdata1
0000e92a   _inv_rdata2
000085c7   _linear_eq
0000bf7d   _main
0000c2aa   _mcbsp_xmit
0000ce49   _memset
0000e92e   _option_board_ID
0000e928   _pre_abs_position
0000e93f   _rdata1
0000e93e   _rdata2
0000e90a   _result1
0000b7a7   _rsvd_ISR
0000e92f   _rx_complete
0000e92d   _rx_int
0000ed50   _sTemp
0000acc0   _sci_debug_init
0000d5a4   _scia_rx_isr
0000d55c   _scia_tx_isr
0000c90c   _scib_init
0000c878   _scib_putc
0000c8b0   _scib_puts
0000ec80   _scib_rx_buf
0000ec02   _scib_rx_end
0000d65a   _scib_rx_isr
0000ec03   _scib_rx_pos
0000ec04   _scib_rxd
0000ec40   _scib_tx_buf
0000ec00   _scib_tx_end
0000d612   _scib_tx_isr
0000ec01   _scib_tx_pos
0000ec06   _sd_s
0000cccf   _sin
0000e988   _sin_theta
0000cd73   _sqrt
0000c9e2   _square
0000a9cf   _state0_proc
0000ab37   _state1_proc
0000ab54   _state2_proc
0000abc7   _state3_proc
0000abdf   _state4_proc
0000ac00   _state5_proc
0000ac2f   _state6_proc
0000ac47   _state7_proc
0000cdb4   _strncpy
0000e92c   _test1
0000e933   _test10
0000e92b   _test2
0000e936   _test3
0000e935   _test4
0000e938   _test5
0000e937   _test6
0000e932   _test7
0000e931   _test8
0000e934   _test9
0000e943   _test_command
0000e94e   _test_ref
0000ec05   _tttt
0000e98e   _turn_delta
0000e930   _tx_complete
0000a8a2   _write_txbuf_asc
0000a8b7   _write_txbuf_byte
0000a931   _write_txbuf_long
0000a887   _write_txbuf_string
0000a8e1   _write_txbuf_word
ffffffff   binit
0000ce50   cinit
00000000   code_start
0000ce50   etext
ffffffff   pinit


GLOBAL SYMBOLS: SORTED BY Symbol Address 

address    name
--------   ----
00000000   code_start
00000001   __TI_args_main
00000400   __STACK_SIZE
00000400   __stack
00000800   __STACK_END
00000880   _DevEmuRegs
00000a80   _FlashRegs
00000ae0   _CsmRegs
00000b00   _AdcMirror
00000b20   _XintfRegs
00000c00   _CpuTimer0Regs
00000c08   _CpuTimer1Regs
00000c10   _CpuTimer2Regs
00000ce0   _PieCtrlRegs
00000d00   _PieVectTable
00001000   _DmaRegs
00004000   _ZONE0_BUF
00005000   _McbspaRegs
00005040   _McbspbRegs
00006000   _ECanaRegs
00006040   _ECanaLAMRegs
00006080   _ECanaMOTSRegs
000060c0   _ECanaMOTORegs
00006100   _ECanaMboxes
00006200   _ECanbRegs
00006240   _ECanbLAMRegs
00006280   _ECanbMOTSRegs
000062c0   _ECanbMOTORegs
00006300   _ECanbMboxes
00006800   _EPwm1Regs
00006840   _EPwm2Regs
00006880   _EPwm3Regs
000068c0   _EPwm4Regs
00006900   _EPwm5Regs
00006940   _EPwm6Regs
00006a00   _ECap1Regs
00006a20   _ECap2Regs
00006a40   _ECap3Regs
00006a60   _ECap4Regs
00006a80   _ECap5Regs
00006aa0   _ECap6Regs
00006b00   _EQep1Regs
00006b40   _EQep2Regs
00006f80   _GpioCtrlRegs
00006fc0   _GpioDataRegs
00006fe0   _GpioIntRegs
00007010   _SysCtrlRegs
00007040   _SpiaRegs
00007050   _SciaRegs
00007070   _XIntruptRegs
00007100   _AdcRegs
00007750   _ScibRegs
00007770   _ScicRegs
00007900   _I2caRegs
00008200   .text
00008200   ___text__
00008200   _input_state
00008220   _DI_Function
000083c0   _Multi_Step_Processing
0000846e   _DI_RUN_DIR
0000848a   _driver_enable_proc
0000848b   _DI_Processing
0000850e   _digital_port_check
0000853c   _digital_out_proc
000085c7   _linear_eq
00008602   _GetAnaCount
000087c4   _GetAnalogRef
000091f5   _LPF1
00009214   _AnalogInputProcessing
0000923f   _CheckPowerVersion
00009300   _CheckOptionCardID
0000930f   _VF_Controller
00009413   _Flux_Estimation
000097e6   _Current_Controller
000099ee   _SVPWM
00009cd2   _Field_Weakening
00009e43   _Flux_Controller
00009f0c   _Speed_Controller
0000a036   _Position_Control
0000a0cf   _Auto_Tuning
0000a779   _Reference_Function_Auto_Tuning
0000a864   _asc2hex
0000a87b   _hex2asc
0000a887   _write_txbuf_string
0000a8a2   _write_txbuf_asc
0000a8b7   _write_txbuf_byte
0000a8e1   _write_txbuf_word
0000a931   _write_txbuf_long
0000a9cf   _state0_proc
0000ab37   _state1_proc
0000ab54   _state2_proc
0000abc7   _state3_proc
0000abdf   _state4_proc
0000ac00   _state5_proc
0000ac2f   _state6_proc
0000ac47   _state7_proc
0000acc0   _sci_debug_init
0000acf9   _Speed_Calculation_ABS
0000b142   _Driver_Calibration
0000b20f   _MainPWM
0000b331   _GetAnaMonitCount
0000b39e   _PWM_ON_OFF
0000b3e3   _DB_Controller
0000b419   _Mcbsp_TxINTA_ISR
0000b42e   _Mcbsp_RxINTA_ISR
0000b49b   _INT13_ISR
0000b4a5   _INT14_ISR
0000b4af   _DATALOG_ISR
0000b4b9   _RTOSINT_ISR
0000b4c3   _EMUINT_ISR
0000b4cd   _NMI_ISR
0000b4d7   _ILLEGAL_ISR
0000b4e1   _USER1_ISR
0000b4eb   _USER2_ISR
0000b4f5   _USER3_ISR
0000b4ff   _USER4_ISR
0000b509   _USER5_ISR
0000b513   _USER6_ISR
0000b51d   _USER7_ISR
0000b527   _USER8_ISR
0000b531   _USER9_ISR
0000b53b   _USER10_ISR
0000b545   _USER11_ISR
0000b54f   _USER12_ISR
0000b559   _SEQ1INT_ISR
0000b563   _SEQ2INT_ISR
0000b56d   _XINT1_ISR
0000b577   _XINT2_ISR
0000b581   _ADCINT_ISR
0000b58b   _TINT0_ISR
0000b595   _WAKEINT_ISR
0000b59f   _EPWM1_TZINT_ISR
0000b5a9   _EPWM2_TZINT_ISR
0000b5b3   _EPWM3_TZINT_ISR
0000b5bd   _EPWM4_TZINT_ISR
0000b5c7   _EPWM5_TZINT_ISR
0000b5d1   _EPWM6_TZINT_ISR
0000b5db   _EPWM1_INT_ISR
0000b5e5   _EPWM2_INT_ISR
0000b5ef   _EPWM3_INT_ISR
0000b5f9   _EPWM4_INT_ISR
0000b603   _EPWM5_INT_ISR
0000b60d   _EPWM6_INT_ISR
0000b617   _ECAP1_INT_ISR
0000b621   _ECAP2_INT_ISR
0000b62b   _ECAP3_INT_ISR
0000b635   _ECAP4_INT_ISR
0000b63f   _ECAP5_INT_ISR
0000b649   _ECAP6_INT_ISR
0000b653   _EQEP1_INT_ISR
0000b65d   _EQEP2_INT_ISR
0000b667   _SPIRXINTA_ISR
0000b671   _SPITXINTA_ISR
0000b67b   _MRINTB_ISR
0000b685   _MXINTB_ISR
0000b68f   _MRINTA_ISR
0000b699   _MXINTA_ISR
0000b6a3   _DINTCH1_ISR
0000b6ad   _DINTCH2_ISR
0000b6b7   _DINTCH3_ISR
0000b6c1   _DINTCH4_ISR
0000b6cb   _DINTCH5_ISR
0000b6d5   _DINTCH6_ISR
0000b6df   _I2CINT1A_ISR
0000b6e9   _I2CINT2A_ISR
0000b6f3   _SCIRXINTC_ISR
0000b6fd   _SCITXINTC_ISR
0000b707   _SCIRXINTA_ISR
0000b711   _SCITXINTA_ISR
0000b71b   _SCIRXINTB_ISR
0000b725   _SCITXINTB_ISR
0000b72f   _ECAN0INTA_ISR
0000b739   _ECAN1INTA_ISR
0000b743   _ECAN0INTB_ISR
0000b74d   _ECAN1INTB_ISR
0000b757   _XINT3_ISR
0000b761   _XINT4_ISR
0000b76b   _XINT5_ISR
0000b775   _XINT6_ISR
0000b77f   _XINT7_ISR
0000b789   _LVF_ISR
0000b793   _LUF_ISR
0000b79d   _PIE_RESERVED
0000b7a7   _rsvd_ISR
0000b7b1   _InitAdc
0000b810   _GetSensorValue
0000b9e2   _DAC_Setup
0000ba8c   _get_command
0000baa7   _Variable_Initialization
0000bd3b   _InitGpio
0000bf44   _InitXintf16Gpio
0000bf7a   _Nop
0000bf7d   _main
0000bf8a   _F28335PowerOnSet
0000c013   _EPWM_Initialization
0000c140   _InitMcbsp
0000c145   _InitMcbspa
0000c181   _InitMcbspb
0000c1ad   _InitMcbspa8bit
0000c1b4   _InitMcbspa12bit
0000c1bf   _InitMcbspa16bit
0000c1ca   _InitMcbspa20bit
0000c1d5   _InitMcbspa24bit
0000c1e0   _InitMcbspa32bit
0000c1eb   _InitMcbspb8bit
0000c1f2   _InitMcbspb12bit
0000c1fd   _InitMcbspb16bit
0000c208   _InitMcbspb20bit
0000c213   _InitMcbspb24bit
0000c21e   _InitMcbspb32bit
0000c229   _InitMcbspGpio
0000c22e   _InitMcbspaGpio
0000c256   _InitMcbspbGpio
0000c27e   _delay_loop
0000c294   _clkg_delay_loop
0000c2aa   _mcbsp_xmit
0000c2b5   _dev_DacSetup
0000c2cd   _dev_InitDACVariable
0000c2ed   _DAC_Out
0000c31c   _dev_SendDAC
0000c3af   _dev_BackgroundDAC
0000c427   _State_Management
0000c57d   _Reference_Function
0000c692   _InitSysCtrl
0000c69b   _ServiceDog
0000c6a5   _DisableDog
0000c6ad   _InitPll
0000c6fb   _InitPeripheralClocks
0000c756   _CsmUnlock
0000c787   _Fault_Recording
0000c7ad   _Fault_Processing
0000c878   _scib_putc
0000c8b0   _scib_puts
0000c8ef   _SD_GetChar
0000c904   _SD_CharReceived
0000c90c   _scib_init
0000c943   _DecimalToBianary
0000c971   _GrayToBinary
0000c9c5   _BinaryToDecimal
0000c9e2   _square
0000c9f4   _ABIC_AutoBaud
0000ca0b   _ABIC_NormalMode
0000ca2a   _ABIC_ReadOutData
0000ca5c   _ABIC_WriteInData
0000ca8e   _TM_StartTimer
0000ca92   _TM_TimeOut
0000ca9b   _MB_SendRecModbusMessage
0000cb14   _InitCpuTimers
0000cb5b   _ConfigCpuTimer
0000cb96   _InitXintf
0000cbbf   _InitXintf32Gpio
0000cc06   _atan2
0000cc55   _c_int00
0000cc9b   _cos
0000cccf   _sin
0000cd03   _InitPieCtrl
0000cd22   _EnableInterrupts
0000cd2b   _GenerateCrc
0000cd51   I$$DIV
0000cd62   I$$MOD
0000cd73   _sqrt
0000cd94   _InitPieVectTable
0000cdb4   _strncpy
0000cdd4   __args_main
0000cdef   C$$EXIT
0000cdef   _abort
0000cdf1   _exit
0000ce08   FS$$DIV
0000ce21   _MemCopy
0000ce38   __register_unlock
0000ce3c   __register_lock
0000ce40   __nop
0000ce49   _memset
0000ce50   ___cinit__
0000ce50   ___etext__
0000ce50   cinit
0000ce50   etext
0000d55c   _scia_tx_isr
0000d5a4   _scia_rx_isr
0000d612   _scib_tx_isr
0000d65a   _scib_rx_isr
0000d680   _InitFlash
0000d69b   _DSP28x_usDelay
0000e900   _Adc_AIN_3
0000e901   _Adc_AIN_V2
0000e902   _Adc_AIN_4
0000e903   _Adc_V_Range
0000e904   _Adc_AIN_5
0000e905   _Adc_Wphase
0000e906   _Adc_Vdc
0000e907   _Adc_AIN_I1
0000e908   _Adc_AIN_I2
0000e909   _Adc_AIN_V1
0000e90a   _result1
0000e90b   _DA4_val
0000e90c   _Number_of_turns_buf
0000e90d   _abs_position
0000e90e   _Steps_per_turn_buf
0000e90f   _DA1_val
0000e910   _Adc_Temperature
0000e911   _Command
0000e912   _DA3_val
0000e913   _DA2_val
0000e914   _RXD_StackWritePtr
0000e915   _RXD
0000e916   _RXD_StackReadPtr
0000e917   _TXD_StackReadPtr
0000e918   _TXD_StackWritePtr
0000e919   _Flux_build_up
0000e91a   _Driver_ON
0000e91b   _EPwmPeriodCount
0000e91c   _Auto_tuning_index
0000e91d   _State_Index
0000e91e   _Frame_ByteCnt
0000e91f   _NewFrame_ByteCnt
0000e920   _Packet_ByteCnt
0000e921   _Adc_Vphase
0000e922   _Adc_Uphase
0000e923   _Frame_StackPtr
0000e924   _NewFrame_StackPtr
0000e925   _Packet_StackPtr
0000e926   _NewFrame_Packet_State
0000e927   _NewFrame_Detect
0000e928   _pre_abs_position
0000e929   _gNum
0000e92a   _inv_rdata2
0000e92b   _test2
0000e92c   _test1
0000e92d   _rx_int
0000e92e   _option_board_ID
0000e92f   _rx_complete
0000e930   _tx_complete
0000e931   _test8
0000e932   _test7
0000e933   _test10
0000e934   _test9
0000e935   _test4
0000e936   _test3
0000e937   _test6
0000e938   _test5
0000e939   _Steps_buf1
0000e93a   _Steps_per_turn
0000e93b   _Steps_buf2
0000e93c   _PPR
0000e93d   _inv_rdata1
0000e93e   _rdata2
0000e93f   _rdata1
0000e940   _abs_position_final
0000e941   _Number_of_turns
0000e942   _Flag_AT
0000e943   _test_command
0000e944   _T_dead_Tuning
0000e946   _Sin_Theta
0000e948   _DrivePower
0000e94a   _Sin_Theta_vtg
0000e94c   _Cos_Theta_vtg
0000e94e   _test_ref
0000e950   _Cos_Theta
0000e952   _Te
0000e954   _Wc_cc
0000e956   _Ka_sc
0000e958   _Ki_cc
0000e95a   _Kp_sc
0000e95c   _Wc_sc
0000e95e   _Kp_cc
0000e960   _Ki_sc
0000e962   _L3_sp_tmp
0000e964   _L3_sp_est
0000e966   _Thetar
0000e968   _L1_sp_est
0000e96a   _Ka_cc
0000e96c   _Theta
0000e96e   _L2_sp_est
0000e970   _Main_counter
0000e972   _DA2_rng
0000e974   _DA2_mid
0000e976   _DA2
0000e978   _DA1_rng
0000e97a   _DA1_mid
0000e97c   _DA1
0000e97e   _DA4_rng
0000e980   _DA4_mid
0000e982   _DA4
0000e984   _DA3_rng
0000e986   _DA3_mid
0000e988   _sin_theta
0000e98a   _etest4
0000e98c   _cos_theta
0000e98e   _turn_delta
0000e990   _Theta_err
0000e992   _Interrupt_time_max
0000e994   _Wrn1
0000e996   _DA3
0000e998   _Wrpm_det1
0000e99a   _etest2
0000e99c   _etest1
0000e99e   _Init_reference_Auto_tuning
0000e9a0   _Final_reference
0000e9a2   _LAMqrs
0000e9a4   _AnaCmdReference
0000e9a6   _Accel_time
0000e9a8   _Init_reference
0000e9aa   _LAMqrs_cm
0000e9ac   _LAMdrs_vm
0000e9ae   _Jm_est
0000e9b0   _LAMdrs
0000e9b2   _Wrpm_scale
0000e9b4   _LAMdrs_cm
0000e9b6   _LAMqrs_vm
0000e9b8   _Vqse_ref_fb
0000e9ba   _Vqse_ref_integ
0000e9bc   _Vqss_ref_old
0000e9be   _Vqss_ref
0000e9c0   _Vdse_ref
0000e9c2   _Vdse_ref_fb
0000e9c4   _Decel_time_Auto_tuning
0000e9c6   _Vdc
0000e9c8   _Decel_time
0000e9ca   _Vdss_ref_old
0000e9cc   _Vdss_ref
0000e9ce   _Accel_time_Auto_tuning
0000e9d0   _Vdc_max
0000e9d2   _Pole_pair
0000e9d4   _Bm
0000e9d6   _Jm
0000e9d8   _LAMdre_ref
0000e9da   _Lr
0000e9dc   _inv_Jm
0000e9de   _Rs
0000e9e0   _Rr
0000e9e2   _Lm
0000e9e4   _LAMdre_rate
0000e9e6   _Lsigma
0000e9e8   _Supply_Voltage
0000e9ea   _Theta_ref
0000e9ec   _Wrpm_max
0000e9ee   _Temp_HHH2
0000e9f0   _Temp_HHH3
0000e9f2   _Load_Power
0000e9f4   _Ls
0000e9f6   _Kt
0000e9f8   _Lls
0000e9fa   _Wrpm_rate
0000e9fc   _Temp_HHH1
0000e9fe   _Llr
0000ea00   _Is_rate
0000ea02   _Wrpm_fw1
0000ea04   _Wrpm_fw2
0000ea06   _Wr
0000ea08   _Wrpm_det
0000ea0a   _Wrm_det_flt
0000ea0c   _Wrpm_ref
0000ea0e   _Wrm_det
0000ea10   _LAMdre
0000ea12   _LAMdre_flt
0000ea14   _Idse_ref_max
0000ea16   _freq_vf_set
0000ea18   _We
0000ea1a   _Iqse_max_fw
0000ea1c   _Wc_fc
0000ea1e   _Kp_fc
0000ea20   _Ki_Fst
0000ea22   _Ka_fc
0000ea24   _etest3
0000ea26   _Freq_Fst
0000ea28   _Ki_fc
0000ea2a   _K_CM2
0000ea2c   _K_fw1
0000ea2e   _freq_vf
0000ea30   _Wc_Fst
0000ea32   _Kp_Fst
0000ea34   _K_CM1
0000ea36   _K_fw2
0000ea38   _Iqse_ref
0000ea3a   _Is_max
0000ea3c   _Is_mag
0000ea3e   _Ibs_ref
0000ea40   _Ics_ref
0000ea42   _Iqss
0000ea44   _Idse
0000ea46   _Is_mag_rms
0000ea48   _Ibs
0000ea4a   _Ics
0000ea4c   _Vqse_ref
0000ea4e   _Ias
0000ea50   _Ias_ref
0000ea52   _Idss
0000ea54   _Ias_offset
0000ea56   _Idss_ref
0000ea58   _Iqse
0000ea5a   _Iqss_ref
0000ea5c   _Ibs_offset
0000ea5e   _Idse_ref
0000ea60   _DutyCount
0000ea64   _Flag
0000ea6a   _bin
0000ea80   _g2b
0000ea90   _TTXD_Stack
0000eaa4   _TXD_Stack
0000eac0   _MonitorMsg
0000eb00   _RRXD_Stack
0000eb40   _RXD_Stack
0000eb80   _FaultInfo
0000ec00   _scib_tx_end
0000ec01   _scib_tx_pos
0000ec02   _scib_rx_end
0000ec03   _scib_rx_pos
0000ec04   _scib_rxd
0000ec05   _tttt
0000ec06   _sd_s
0000ec40   _scib_tx_buf
0000ec80   _scib_rx_buf
0000ecb4   __unlock
0000ecb6   __lock
0000ecb8   __cleanup_ptr
0000ecba   __dtors_ptr
0000ecc0   _ADTest
0000ecc1   _P12_7
0000ecc2   _P6_0
0000ecc3   _P6_8
0000ecc4   _P6_7
0000ecc5   _P6_9
0000ecc6   _P9_16
0000ecc7   _P6_2
0000ecc8   _P6_1
0000ecc9   _P11_1
0000ecca   _P11_0
0000eccb   _P11_6
0000eccc   _P12_0
0000eccd   _P8_3
0000ecce   _P8_5
0000eccf   _P8_6
0000ecd0   _P8_4
0000ecd1   _P8_2
0000ecd2   _P12_5
0000ecd3   _P12_4
0000ecd4   _P12_6
0000ecd5   _P12_1
0000ecd6   _P8_1
0000ecd7   _P12_3
0000ecd8   _P12_2
0000ecda   _P6_4
0000ecdc   _P6_3
0000ecde   _P6_6
0000ece0   _P6_5
0000ece2   _CH4_COUNT_AT_4MA
0000ece4   _CH4_COUNT_AT_0MA
0000ece6   _CH4_COUNT_AT_0V
0000ece8   _CH3_COUNT_AT_0V
0000ecea   _CH3_COUNT_AT_20MA
0000ecec   _CH4_COUNT_AT_20MA
0000ecee   _CH5_COUNT_AT_20MA
0000ecf0   _CH5_COUNT_AT_4MA
0000ecf2   _CH5_COUNT_AT_10V
0000ecf4   _CH4_COUNT_AT_10V
0000ecf6   _CH3_COUNT_AT_10V
0000ecf8   _CH5_COUNT_AT_0V
0000ecfa   _CH1_COUNT_AT_10V
0000ecfc   _CH1_COUNT_AT_0V
0000ecfe   _CH2_COUNT_AT_4MA
0000ed00   _CH1_COUNT_AT_4MA
0000ed02   _CH1_COUNT_AT_0MA
0000ed04   _CH2_COUNT_AT_0MA
0000ed06   _CH3_COUNT_AT_0MA
0000ed08   _CH2_COUNT_AT_10V
0000ed0a   _CH5_COUNT_AT_0MA
0000ed0c   _CH2_COUNT_AT_20MA
0000ed0e   _CH1_COUNT_AT_20MA
0000ed10   _CH3_COUNT_AT_4MA
0000ed12   _CH2_COUNT_AT_0V
0000ed14   _P1_2
0000ed16   _P1_3
0000ed18   _P1_0
0000ed1a   _P1_1
0000ed1c   _P1_7
0000ed1e   _P11_2
0000ed20   _P1_5
0000ed22   _P1_6
0000ed24   _P1_4
0000ed26   _P9_10
0000ed28   _P9_11
0000ed2a   _P9_9
0000ed2c   _P9_7
0000ed2e   _P9_8
0000ed30   _P9_15
0000ed32   _P9_0
0000ed34   _P9_14
0000ed36   _P9_12
0000ed38   _P9_13
0000ed3a   _P9_6
0000ed3c   _P9_1
0000ed3e   _P9_2
0000ed40   _P19_3
0000ed42   _P11_4
0000ed44   _P11_5
0000ed46   _P9_4
0000ed48   _P9_5
0000ed4a   _P11_3
0000ed4c   _P9_3
0000ed4e   _deg_sDacTmp
0000ed50   _sTemp
0000ed52   _deg_Dac
0000ed72   _MB_bCRCCounter
0000ed73   _MB_bTimeOutCounter
0000ed74   _MB_iTimeOutTime
0000ed80   _debug_state
0000ed81   _debug_cnt
0000ed82   _debug_sum
0000ed83   _debug_sum_temp
0000ed84   _debug_wr_sum_flag
0000ed85   _debug_tx_end
0000ed86   _debug_wr_size
0000ed87   _debug_tx_pos
0000ed88   _debug_rd_addr
0000ed8a   _debug_rd_addr_tmp
0000ed8c   _debug_wr_addr
0000ed8e   _debug_wr_data
0000edc0   _debug_tx_buf
0000ee80   _abSetRequest
0000ee86   _abCheckRequest
0000ee8c   _abResponse
0000ee96   _abRequest
0000eec0   _CpuTimer1
0000eec8   _CpuTimer2
0000eed0   _CpuTimer0
0000eed8   _PieVectTableInit
0000efd8   _abCrcHi
0000f0d8   _abCrcLo
0033fff8   _CsmPwl
00380080   _ADC_cal
003febdc   _FPUsinTable
003fecdc   _FPUcosTable
003fefdc   _FPUsinTableEnd
003ff0de   _FPUatan2HalfPITable
003ff0de   _FPUcosTableEnd
003ff0e2   _FPUatan2Table
003ff268   _FPUatan2TableEnd
ffffffff   ___binit__
ffffffff   ___c_args__
ffffffff   ___pinit__
ffffffff   binit
ffffffff   pinit

[642 symbols]
