******************************************************************************
             TMS320C2000 Linker PC v5.2.4                      
******************************************************************************
>> Linked Wed Feb 16 22:49:22 2011

OUTPUT FILE NAME:   <./Debug/ex08_can_f.out>
ENTRY POINT SYMBOL: "code_start"  address: 0033fff6


MEMORY CONFIGURATION

         name            origin    length      used     unused   attr    fill
----------------------  --------  ---------  --------  --------  ----  --------
PAGE 0:
  RAML_CODE             00008000   00004000  0000040b  00003bf5  RWIX
  FLASH_CODE            00308000   00037f80  00001eac  000360d4  RWIX
  CSM_RSVD              0033ff80   00000076  00000076  00000000  RWIX
  BEGIN                 0033fff6   00000002  00000002  00000000  RWIX
  CSM_CODE              0033fff8   00000008  00000008  00000000  RWIX
  ADC_CAL               00380080   00000009  00000007  00000002  RWIX
  OTP                   00380400   00000400  00000000  00000400  RWIX
  IQTABLES              003fe000   00000b50  00000000  00000b50  RWIX
  IQTABLES2             003feb50   0000008c  00000000  0000008c  RWIX
  FPUTABLES             003febdc   000006a0  00000000  000006a0  RWIX
  BOOTROM               003ff27c   00000d44  00000000  00000d44  RWIX
  RESET                 003fffc0   00000002  00000000  00000002  RWIX
  VECTORS               003fffc2   0000003e  00000000  0000003e  RWIX

PAGE 1:
  BOOT_RSVD             00000000   00000050  00000000  00000050  RWIX
  RAMM0                 00000050   000003b0  00000000  000003b0  RWIX
  RAMM1                 00000400   00000400  00000200  00000200  RWIX
  DEV_EMU               00000880   00000180  000000d0  000000b0  RWIX
  FLASH_REGS            00000a80   00000060  00000008  00000058  RWIX
  CSM                   00000ae0   00000010  00000010  00000000  RWIX
  ADC_MIRROR            00000b00   00000010  00000010  00000000  RWIX
  XINTF                 00000b20   00000020  0000001e  00000002  RWIX
  CPU_TIMER0            00000c00   00000008  00000008  00000000  RWIX
  CPU_TIMER1            00000c08   00000008  00000008  00000000  RWIX
  CPU_TIMER2            00000c10   00000008  00000008  00000000  RWIX
  PIE_CTRL              00000ce0   00000020  0000001a  00000006  RWIX
  PIE_VECT              00000d00   00000100  00000100  00000000  RWIX
  DMA                   00001000   00000200  000000e0  00000120  RWIX
  MCBSPA                00005000   00000040  00000025  0000001b  RWIX
  MCBSPB                00005040   00000040  00000025  0000001b  RWIX
  ECANA                 00006000   00000040  00000034  0000000c  RWIX
  ECANA_LAM             00006040   00000040  00000040  00000000  RWIX
  ECANA_MOTS            00006080   00000040  00000040  00000000  RWIX
  ECANA_MOTO            000060c0   00000040  00000040  00000000  RWIX
  ECANA_MBOX            00006100   00000100  00000100  00000000  RWIX
  ECANB                 00006200   00000040  00000034  0000000c  RWIX
  ECANB_LAM             00006240   00000040  00000040  00000000  RWIX
  ECANB_MOTS            00006280   00000040  00000040  00000000  RWIX
  ECANB_MOTO            000062c0   00000040  00000040  00000000  RWIX
  ECANB_MBOX            00006300   00000100  00000100  00000000  RWIX
  EPWM1                 00006800   00000022  00000022  00000000  RWIX
  EPWM2                 00006840   00000022  00000022  00000000  RWIX
  EPWM3                 00006880   00000022  00000022  00000000  RWIX
  EPWM4                 000068c0   00000022  00000022  00000000  RWIX
  EPWM5                 00006900   00000022  00000022  00000000  RWIX
  EPWM6                 00006940   00000022  00000022  00000000  RWIX
  ECAP1                 00006a00   00000020  00000020  00000000  RWIX
  ECAP2                 00006a20   00000020  00000020  00000000  RWIX
  ECAP3                 00006a40   00000020  00000020  00000000  RWIX
  ECAP4                 00006a60   00000020  00000020  00000000  RWIX
  ECAP5                 00006a80   00000020  00000020  00000000  RWIX
  ECAP6                 00006aa0   00000020  00000020  00000000  RWIX
  EQEP1                 00006b00   00000040  00000040  00000000  RWIX
  EQEP2                 00006b40   00000040  00000040  00000000  RWIX
  GPIOCTRL              00006f80   00000040  0000002e  00000012  RWIX
  GPIODAT               00006fc0   00000020  00000020  00000000  RWIX
  GPIOINT               00006fe0   00000020  0000000a  00000016  RWIX
  SYSTEM                00007010   00000020  00000020  00000000  RWIX
  SPIA                  00007040   00000010  00000010  00000000  RWIX
  SCIA                  00007050   00000010  00000010  00000000  RWIX
  XINTRUPT              00007070   00000010  00000010  00000000  RWIX
  ADC                   00007100   00000020  0000001e  00000002  RWIX
  SCIB                  00007750   00000010  00000010  00000000  RWIX
  SCIC                  00007770   00000010  00000010  00000000  RWIX
  I2CA                  00007900   00000040  00000022  0000001e  RWIX
  RAML_DATA             0000c000   00002000  000001ba  00001e46  RWIX
  RAML6                 0000e000   00001000  00000000  00001000  RWIX
  RAML7                 0000f000   00001000  00000000  00001000  RWIX
  FLASH_DATA            00300000   00008000  00000000  00008000  RWIX
  CSM_PWL               0033fff8   00000008  00000008  00000000  RWIX
  PARTID                00380090   00000001  00000001  00000000  RWIX


SECTION ALLOCATION MAP

 output                                  attributes/
section   page    origin      length       input sections
--------  ----  ----------  ----------   ----------------
.pinit     0    00308000    00000000     UNINITIALIZED

ramfuncs   0    00308000    0000040b     RUN ADDR = 00008000
                  00308000    0000011b     ex08_can_f.obj (ramfuncs)
                  0030811b    000000b5     debug_2833x.obj (ramfuncs)
                  003081d0    000000b0     eCAN.obj (ramfuncs)
                  00308280    00000090     SCI_C_usb.obj (ramfuncs)
                  00308310    00000087     ADC.obj (ramfuncs)
                  00308397    00000055     SCI_B.obj (ramfuncs)
                  003083ec    0000001b     DSP2833x_SysCtrl.obj (ramfuncs)
                  00308407    00000004     DSP2833x_usDelay.obj (ramfuncs)

.text      0    0030840b    0000164e     
                  0030840b    0000049e     debug_2833x.obj (.text)
                  003088a9    000003be     DSK2833x_GlobalFunc.obj (.text)
                  00308c67    00000316     DSP2833x_DefaultIsr.obj (.text)
                  00308f7d    000002ea     ex08_can_f.obj (.text)
                  00309267    00000130     DSP2833x_ECan.obj (.text)
                  00309397    000000f5     DSP2833x_SysCtrl.obj (.text)
                  0030948c    000000c6     eCAN.obj (.text)
                  00309552    000000bc     SCI_B.obj (.text)
                  0030960e    0000009a     abic.obj (.text)
                  003096a8    0000008e     I2C_eeprom.obj (.text)
                  00309736    00000089     mb.obj (.text)
                  003097bf    0000007a     DSP2833x_CpuTimers.obj (.text)
                  00309839    00000063     SCI_C_usb.obj (.text)
                  0030989c    00000063     SPI_dac.obj (.text)
                  003098ff    00000046     rts2800_fpu32.lib : boot.obj (.text)
                  00309945    00000038     ADC.obj (.text)
                  0030997d    00000028     DSP2833x_PieCtrl.obj (.text)
                  003099a5    00000026     crc.obj (.text)
                  003099cb    00000020     DSP2833x_PieVect.obj (.text)
                  003099eb    0000001b     rts2800_fpu32.lib : args_main.obj (.text)
                  00309a06    00000019                       : exit.obj (.text)
                  00309a1f    00000017     DSP2833x_MemCopy.obj (.text)
                  00309a36    0000000b     rts2800_fpu32.lib : u_div.obj (.text)
                  00309a41    00000009                       : _lock.obj (.text)
                  00309a4a    00000008     DSP2833x_CodeStartBranch.obj (.text)
                  00309a52    00000007     rts2800_fpu32.lib : memset.obj (.text)

.econst    0    00309a5a    00000340     
                  00309a5a    00000100     DSP2833x_PieVect.obj (.econst)
                  00309b5a    00000100     crc.obj (.econst:_abCrcHi)
                  00309c5a    00000100     crc.obj (.econst:_abCrcLo)
                  00309d5a    00000026     ex08_can_f.obj (.econst:.string)
                  00309d80    0000000f     SCI_C_usb.obj (.econst:.string)
                  00309d8f    00000001     --HOLE-- [fill = 0]
                  00309d90    0000000a     debug_2833x.obj (.econst:.string)

.cinit     0    00309d9a    00000113     
                  00309d9a    00000092     ex08_can_f.obj (.cinit)
                  00309e2c    0000002d     abic.obj (.cinit)
                  00309e59    0000002a     debug_2833x.obj (.cinit)
                  00309e83    0000000c     SCI_B.obj (.cinit)
                  00309e8f    0000000a     rts2800_fpu32.lib : _lock.obj (.cinit)
                  00309e99    0000000a                       : exit.obj (.cinit)
                  00309ea3    00000008     SCI_C_usb.obj (.cinit)
                  00309eab    00000002     --HOLE-- [fill = 0]

csm_rsvd   0    0033ff80    00000076     
                  0033ff80    00000076     DSP2833x_CSMPasswords.obj (csm_rsvd)

codestart 
*          0    0033fff6    00000002     
                  0033fff6    00000002     DSP2833x_CodeStartBranch.obj (codestart)

csmpasswds 
*          0    0033fff8    00000008     
                  0033fff8    00000008     DSP2833x_CSMPasswords.obj (csmpasswds)

.adc_cal   0    00380080    00000007     NOLOAD SECTION
                  00380080    00000007     DSP2833x_ADC_cal.obj (.adc_cal)

.reset     0    003fffc0    00000002     DSECT
                  003fffc0    00000002     rts2800_fpu32.lib : boot.obj (.reset)

vectors    0    003fffc2    00000000     DSECT

.stack     1    00000400    00000200     UNINITIALIZED
                  00000400    00000200     --HOLE--

DevEmuRegsFile 
*          1    00000880    000000d0     UNINITIALIZED
                  00000880    000000d0     DSP2833x_GlobalVariableDefs.obj (DevEmuRegsFile)

FlashRegsFile 
*          1    00000a80    00000008     UNINITIALIZED
                  00000a80    00000008     DSP2833x_GlobalVariableDefs.obj (FlashRegsFile)

CsmRegsFile 
*          1    00000ae0    00000010     UNINITIALIZED
                  00000ae0    00000010     DSP2833x_GlobalVariableDefs.obj (CsmRegsFile)

AdcMirrorFile 
*          1    00000b00    00000010     UNINITIALIZED
                  00000b00    00000010     DSP2833x_GlobalVariableDefs.obj (AdcMirrorFile)

XintfRegsFile 
*          1    00000b20    0000001e     UNINITIALIZED
                  00000b20    0000001e     DSP2833x_GlobalVariableDefs.obj (XintfRegsFile)

CpuTimer0RegsFile 
*          1    00000c00    00000008     UNINITIALIZED
                  00000c00    00000008     DSP2833x_GlobalVariableDefs.obj (CpuTimer0RegsFile)

CpuTimer1RegsFile 
*          1    00000c08    00000008     UNINITIALIZED
                  00000c08    00000008     DSP2833x_GlobalVariableDefs.obj (CpuTimer1RegsFile)

CpuTimer2RegsFile 
*          1    00000c10    00000008     UNINITIALIZED
                  00000c10    00000008     DSP2833x_GlobalVariableDefs.obj (CpuTimer2RegsFile)

PieCtrlRegsFile 
*          1    00000ce0    0000001a     UNINITIALIZED
                  00000ce0    0000001a     DSP2833x_GlobalVariableDefs.obj (PieCtrlRegsFile)

PieVectTableFile 
*          1    00000d00    00000100     UNINITIALIZED
                  00000d00    00000100     DSP2833x_GlobalVariableDefs.obj (PieVectTableFile)

DmaRegsFile 
*          1    00001000    000000e0     UNINITIALIZED
                  00001000    000000e0     DSP2833x_GlobalVariableDefs.obj (DmaRegsFile)

McbspaRegsFile 
*          1    00005000    00000025     UNINITIALIZED
                  00005000    00000025     DSP2833x_GlobalVariableDefs.obj (McbspaRegsFile)

McbspbRegsFile 
*          1    00005040    00000025     UNINITIALIZED
                  00005040    00000025     DSP2833x_GlobalVariableDefs.obj (McbspbRegsFile)

ECanaRegsFile 
*          1    00006000    00000034     UNINITIALIZED
                  00006000    00000034     DSP2833x_GlobalVariableDefs.obj (ECanaRegsFile)

ECanaLAMRegsFile 
*          1    00006040    00000040     UNINITIALIZED
                  00006040    00000040     DSP2833x_GlobalVariableDefs.obj (ECanaLAMRegsFile)

ECanaMOTSRegsFile 
*          1    00006080    00000040     UNINITIALIZED
                  00006080    00000040     DSP2833x_GlobalVariableDefs.obj (ECanaMOTSRegsFile)

ECanaMOTORegsFile 
*          1    000060c0    00000040     UNINITIALIZED
                  000060c0    00000040     DSP2833x_GlobalVariableDefs.obj (ECanaMOTORegsFile)

ECanaMboxesFile 
*          1    00006100    00000100     UNINITIALIZED
                  00006100    00000100     DSP2833x_GlobalVariableDefs.obj (ECanaMboxesFile)

ECanbRegsFile 
*          1    00006200    00000034     UNINITIALIZED
                  00006200    00000034     DSP2833x_GlobalVariableDefs.obj (ECanbRegsFile)

ECanbLAMRegsFile 
*          1    00006240    00000040     UNINITIALIZED
                  00006240    00000040     DSP2833x_GlobalVariableDefs.obj (ECanbLAMRegsFile)

ECanbMOTSRegsFile 
*          1    00006280    00000040     UNINITIALIZED
                  00006280    00000040     DSP2833x_GlobalVariableDefs.obj (ECanbMOTSRegsFile)

ECanbMOTORegsFile 
*          1    000062c0    00000040     UNINITIALIZED
                  000062c0    00000040     DSP2833x_GlobalVariableDefs.obj (ECanbMOTORegsFile)

ECanbMboxesFile 
*          1    00006300    00000100     UNINITIALIZED
                  00006300    00000100     DSP2833x_GlobalVariableDefs.obj (ECanbMboxesFile)

EPwm1RegsFile 
*          1    00006800    00000022     UNINITIALIZED
                  00006800    00000022     DSP2833x_GlobalVariableDefs.obj (EPwm1RegsFile)

EPwm2RegsFile 
*          1    00006840    00000022     UNINITIALIZED
                  00006840    00000022     DSP2833x_GlobalVariableDefs.obj (EPwm2RegsFile)

EPwm3RegsFile 
*          1    00006880    00000022     UNINITIALIZED
                  00006880    00000022     DSP2833x_GlobalVariableDefs.obj (EPwm3RegsFile)

EPwm4RegsFile 
*          1    000068c0    00000022     UNINITIALIZED
                  000068c0    00000022     DSP2833x_GlobalVariableDefs.obj (EPwm4RegsFile)

EPwm5RegsFile 
*          1    00006900    00000022     UNINITIALIZED
                  00006900    00000022     DSP2833x_GlobalVariableDefs.obj (EPwm5RegsFile)

EPwm6RegsFile 
*          1    00006940    00000022     UNINITIALIZED
                  00006940    00000022     DSP2833x_GlobalVariableDefs.obj (EPwm6RegsFile)

ECap1RegsFile 
*          1    00006a00    00000020     UNINITIALIZED
                  00006a00    00000020     DSP2833x_GlobalVariableDefs.obj (ECap1RegsFile)

ECap2RegsFile 
*          1    00006a20    00000020     UNINITIALIZED
                  00006a20    00000020     DSP2833x_GlobalVariableDefs.obj (ECap2RegsFile)

ECap3RegsFile 
*          1    00006a40    00000020     UNINITIALIZED
                  00006a40    00000020     DSP2833x_GlobalVariableDefs.obj (ECap3RegsFile)

ECap4RegsFile 
*          1    00006a60    00000020     UNINITIALIZED
                  00006a60    00000020     DSP2833x_GlobalVariableDefs.obj (ECap4RegsFile)

ECap5RegsFile 
*          1    00006a80    00000020     UNINITIALIZED
                  00006a80    00000020     DSP2833x_GlobalVariableDefs.obj (ECap5RegsFile)

ECap6RegsFile 
*          1    00006aa0    00000020     UNINITIALIZED
                  00006aa0    00000020     DSP2833x_GlobalVariableDefs.obj (ECap6RegsFile)

EQep1RegsFile 
*          1    00006b00    00000040     UNINITIALIZED
                  00006b00    00000040     DSP2833x_GlobalVariableDefs.obj (EQep1RegsFile)

EQep2RegsFile 
*          1    00006b40    00000040     UNINITIALIZED
                  00006b40    00000040     DSP2833x_GlobalVariableDefs.obj (EQep2RegsFile)

GpioCtrlRegsFile 
*          1    00006f80    0000002e     UNINITIALIZED
                  00006f80    0000002e     DSP2833x_GlobalVariableDefs.obj (GpioCtrlRegsFile)

GpioDataRegsFile 
*          1    00006fc0    00000020     UNINITIALIZED
                  00006fc0    00000020     DSP2833x_GlobalVariableDefs.obj (GpioDataRegsFile)

GpioIntRegsFile 
*          1    00006fe0    0000000a     UNINITIALIZED
                  00006fe0    0000000a     DSP2833x_GlobalVariableDefs.obj (GpioIntRegsFile)

SysCtrlRegsFile 
*          1    00007010    00000020     UNINITIALIZED
                  00007010    00000020     DSP2833x_GlobalVariableDefs.obj (SysCtrlRegsFile)

SpiaRegsFile 
*          1    00007040    00000010     UNINITIALIZED
                  00007040    00000010     DSP2833x_GlobalVariableDefs.obj (SpiaRegsFile)

SciaRegsFile 
*          1    00007050    00000010     UNINITIALIZED
                  00007050    00000010     DSP2833x_GlobalVariableDefs.obj (SciaRegsFile)

XIntruptRegsFile 
*          1    00007070    00000010     UNINITIALIZED
                  00007070    00000010     DSP2833x_GlobalVariableDefs.obj (XIntruptRegsFile)

AdcRegsFile 
*          1    00007100    0000001e     UNINITIALIZED
                  00007100    0000001e     DSP2833x_GlobalVariableDefs.obj (AdcRegsFile)

ScibRegsFile 
*          1    00007750    00000010     UNINITIALIZED
                  00007750    00000010     DSP2833x_GlobalVariableDefs.obj (ScibRegsFile)

ScicRegsFile 
*          1    00007770    00000010     UNINITIALIZED
                  00007770    00000010     DSP2833x_GlobalVariableDefs.obj (ScicRegsFile)

I2caRegsFile 
*          1    00007900    00000022     UNINITIALIZED
                  00007900    00000022     DSP2833x_GlobalVariableDefs.obj (I2caRegsFile)

.ebss      1    0000c000    000001ba     UNINITIALIZED
                  0000c000    00000073     SCI_B.obj (.ebss)
                  0000c073    00000001     --HOLE--
                  0000c074    00000004     rts2800_fpu32.lib : _lock.obj (.ebss)
                  0000c078    00000004                       : exit.obj (.ebss)
                  0000c07c    00000003     mb.obj (.ebss)
                  0000c07f    00000001     --HOLE--
                  0000c080    00000073     debug_2833x.obj (.ebss)
                  0000c0f3    0000000d     --HOLE--
                  0000c100    0000003e     ex08_can_f.obj (.ebss)
                  0000c13e    00000002     --HOLE--
                  0000c140    00000035     SCI_C_usb.obj (.ebss)
                  0000c175    0000000b     --HOLE--
                  0000c180    00000021     abic.obj (.ebss)
                  0000c1a1    00000001     --HOLE--
                  0000c1a2    00000018     DSP2833x_CpuTimers.obj (.ebss)

CsmPwlFile 
*          1    0033fff8    00000008     UNINITIALIZED
                  0033fff8    00000008     DSP2833x_GlobalVariableDefs.obj (CsmPwlFile)

PartIdRegsFile 
*          1    00380090    00000001     UNINITIALIZED
                  00380090    00000001     DSP2833x_GlobalVariableDefs.obj (PartIdRegsFile)


GLOBAL SYMBOLS: SORTED ALPHABETICALLY BY Name 

address    name
--------   ----
0030840b   .text
00309a06   C$$EXIT
00309a36   U$$DIV
00309a3b   U$$MOD
0030960e   _ABIC_AutoBaud
00309625   _ABIC_NormalMode
00309644   _ABIC_ReadOutData
00309675   _ABIC_WriteInData
00308d4d   _ADCINT_ISR
00380080   _ADC_cal
00000b00   _AdcMirror
00007100   _AdcRegs
003089de   _Clear_Digital_OutputBit
003097fe   _ConfigCpuTimer
0000c1b2   _CpuTimer0
00000c00   _CpuTimer0Regs
0000c1a2   _CpuTimer1
00000c08   _CpuTimer1Regs
0000c1aa   _CpuTimer2
00000c10   _CpuTimer2Regs
0033fff8   _CsmPwl
00000ae0   _CsmRegs
0030945b   _CsmUnlock
003098d2   _DAC_Out
00308c7b   _DATALOG_ISR
00308e6f   _DINTCH1_ISR
00308e79   _DINTCH2_ISR
00308e83   _DINTCH3_ISR
00308e8d   _DINTCH4_ISR
00308e97   _DINTCH5_ISR
00308ea1   _DINTCH6_ISR
00008407   _DSP28x_usDelay
00000880   _DevEmuRegs
003093aa   _DisableDog
00001000   _DmaRegs
00308efb   _ECAN0INTA_ISR
00308f0f   _ECAN0INTB_ISR
00308f05   _ECAN1INTA_ISR
00308f19   _ECAN1INTB_ISR
00308de3   _ECAP1_INT_ISR
00308ded   _ECAP2_INT_ISR
00308df7   _ECAP3_INT_ISR
00308e01   _ECAP4_INT_ISR
00308e0b   _ECAP5_INT_ISR
00308e15   _ECAP6_INT_ISR
00006040   _ECanaLAMRegs
000060c0   _ECanaMOTORegs
00006080   _ECanaMOTSRegs
00006100   _ECanaMboxes
00006000   _ECanaRegs
00006240   _ECanbLAMRegs
000062c0   _ECanbMOTORegs
00006280   _ECanbMOTSRegs
00006300   _ECanbMboxes
00006200   _ECanbRegs
00006a00   _ECap1Regs
00006a20   _ECap2Regs
00006a40   _ECap3Regs
00006a60   _ECap4Regs
00006a80   _ECap5Regs
00006aa0   _ECap6Regs
00308c8f   _EMUINT_ISR
00308da7   _EPWM1_INT_ISR
00308d6b   _EPWM1_TZINT_ISR
00308db1   _EPWM2_INT_ISR
00308d75   _EPWM2_TZINT_ISR
00308dbb   _EPWM3_INT_ISR
00308d7f   _EPWM3_TZINT_ISR
00308dc5   _EPWM4_INT_ISR
00308d89   _EPWM4_TZINT_ISR
00308dcf   _EPWM5_INT_ISR
00308d93   _EPWM5_TZINT_ISR
00308dd9   _EPWM6_INT_ISR
00308d9d   _EPWM6_TZINT_ISR
00006800   _EPwm1Regs
00006840   _EPwm2Regs
00006880   _EPwm3Regs
000068c0   _EPwm4Regs
00006900   _EPwm5Regs
00006940   _EPwm6Regs
00308e1f   _EQEP1_INT_ISR
00308e29   _EQEP2_INT_ISR
00006b00   _EQep1Regs
00006b40   _EQep2Regs
0030999c   _EnableInterrupts
00000a80   _FlashRegs
003099a5   _GenerateCrc
00308a9b   _Get_DIP_Data
003089a8   _Get_Digital_Input
00308a93   _Get_SW_Data
00006f80   _GpioCtrlRegs
00006fc0   _GpioDataRegs
00006fe0   _GpioIntRegs
00308eab   _I2CINT1A_ISR
00308eb5   _I2CINT2A_ISR
00007900   _I2caRegs
00308ca3   _ILLEGAL_ISR
00308c67   _INT13_ISR
00308c71   _INT14_ISR
003097bf   _InitCpuTimers
00309267   _InitECan
00309368   _InitECanGpio
0030926c   _InitECana
0030936d   _InitECanaGpio
003092ea   _InitECanb
00309383   _InitECanbGpio
000083ec   _InitFlash
00309400   _InitPeripheralClocks
0030997d   _InitPieCtrl
003099cb   _InitPieVectTable
003093b2   _InitPll
00309397   _InitSysCtrl
00309945   _Init_Adc_Mode
00308968   _Init_DSK_Gpio
003089f2   _Init_Ext_Bus
0030918d   _Init_External_Interrupt
003096a8   _Init_I2C_eeprom
0030989c   _Init_Spi_Dac
00308f5f   _LUF_ISR
00308f55   _LVF_ISR
00309743   _MB_SendRecModbusMessage
0000c07c   _MB_bCRCCounter
0000c07e   _MB_bTimeOutCounter
0000c07d   _MB_iTimeOutTime
00308e5b   _MRINTA_ISR
00308e47   _MRINTB_ISR
00308e65   _MXINTA_ISR
00308e51   _MXINTB_ISR
00005000   _McbspaRegs
00005040   _McbspbRegs
00309a1f   _MemCopy
00308c99   _NMI_ISR
00308f69   _PIE_RESERVED
00380090   _PartIdRegs
00000ce0   _PieCtrlRegs
00000d00   _PieVectTable
00309a5a   _PieVectTableInit
00308c85   _RTOSINT_ISR
0030840b   _RamfuncsLoadEnd
00308000   _RamfuncsLoadStart
00008000   _RamfuncsRunStart
003096fe   _Read_EEPROM_Data
00308ed3   _SCIRXINTA_ISR
00308ee7   _SCIRXINTB_ISR
00308ebf   _SCIRXINTC_ISR
00308edd   _SCITXINTA_ISR
00308ef1   _SCITXINTB_ISR
00308ec9   _SCITXINTC_ISR
003095cf   _SD_CharReceived
003095ba   _SD_GetChar
00308d25   _SEQ1INT_ISR
00308d2f   _SEQ2INT_ISR
00308e33   _SPIRXINTA_ISR
00308e3d   _SPITXINTA_ISR
00007050   _SciaRegs
00007750   _ScibRegs
00007770   _ScicRegs
0030948c   _SendDataToECanA
003094b6   _SendDataToECanB
003093a0   _ServiceDog
003089b5   _Set_Digital_Output
003089cb   _Set_Digital_OutputBit
00308aa4   _Set_LED_Data
00007040   _SpiaRegs
00007010   _SysCtrlRegs
00308d57   _TINT0_ISR
00309736   _TM_StartTimer
0030973a   _TM_TimeOut
00308d07   _USER10_ISR
00308d11   _USER11_ISR
00308d1b   _USER12_ISR
00308cad   _USER1_ISR
00308cb7   _USER2_ISR
00308cc1   _USER3_ISR
00308ccb   _USER4_ISR
00308cd5   _USER5_ISR
00308cdf   _USER6_ISR
00308ce9   _USER7_ISR
00308cf3   _USER8_ISR
00308cfd   _USER9_ISR
00308d61   _WAKEINT_ISR
003096d1   _Write_EEPROM_Data
00308d39   _XINT1_ISR
00308d43   _XINT2_ISR
00308f23   _XINT3_ISR
00308f2d   _XINT4_ISR
00308f37   _XINT5_ISR
00308f41   _XINT6_ISR
00308f4b   _XINT7_ISR
00007070   _XIntruptRegs
00000b20   _XintfRegs
00000600   __STACK_END
00000200   __STACK_SIZE
00000001   __TI_args_main
ffffffff   ___binit__
ffffffff   ___c_args__
00309d9a   ___cinit__
00309a59   ___etext__
ffffffff   ___pinit__
0030840b   ___text__
003099eb   __args_main
0000c078   __cleanup_ptr
0000c07a   __dtors_ptr
0000c076   __lock
00309a49   __nop
00309a45   __register_lock
00309a41   __register_unlock
00000400   __stack
0000c074   __unlock
0000c186   _abCheckRequest
00309b5a   _abCrcHi
00309c5a   _abCrcLo
0000c12a   _abInData
0000c124   _abOutData
0000c196   _abRequest
0000c18c   _abResponse
0000c180   _abSetRequest
00309a06   _abort
0000c12e   _adc_a_data
0000c136   _adc_b_data
00008310   _adc_isr
0030840b   _asc2hex
003098ff   _c_int00
00309097   _can_key_process
003090e7   _cana_rx_data_update
0000c118   _cana_rx_flag
0000c126   _cana_rx_high_data
0000c11e   _cana_rx_id
0000c103   _cana_rx_length
0000c128   _cana_rx_low_data
0030913a   _canb_rx_data_update
0000c11b   _canb_rx_flag
0000c120   _canb_rx_high_data
0000c12c   _canb_rx_id
0000c11a   _canb_rx_length
0000c122   _canb_rx_low_data
0000c109   _cont_key_cnt
00308fe2   _cont_key_process
00008000   _cpu_timer0_isr
0000804d   _cpu_timer1_isr
0000808c   _cpu_timer2_isr
0000c102   _dac0_data
0000c119   _dac1_data
0000c081   _debug_cnt
0000c088   _debug_rd_addr
0000c08a   _debug_rd_addr_tmp
0000c080   _debug_state
0000c082   _debug_sum
0000c083   _debug_sum_temp
0000c0c0   _debug_tx_buf
0000c085   _debug_tx_end
0000c087   _debug_tx_pos
0000c08c   _debug_wr_addr
0000c08e   _debug_wr_data
0000c086   _debug_wr_size
0000c084   _debug_wr_sum_flag
0000c10f   _dip_sw_data
000081d0   _ecan0_inta_isr
00008228   _ecan0_intb_isr
0000820e   _ecan1_inta_isr
00008266   _ecan1_intb_isr
0000c10a   _eep_addr
0000c101   _eep_read_data
0000c10b   _eep_write_data
00308fef   _eeprom_key_process
00309a08   _exit
003088a9   _hex2_to_decimal
00308422   _hex2asc
003088ce   _hex4_to_decimal
003094e0   _init_can
00308af6   _init_lcd
0000c115   _input_data
00308f7d   _key_check
0000c108   _key_cnt
0000c112   _key_code
00308fb2   _key_process
00308b6d   _lcd_clear
00308b77   _lcd_clear_line
00308b9e   _lcd_cursor_off
00308b95   _lcd_cursor_on
00308c29   _lcd_decimal_byte
00308c40   _lcd_decimal_word
00308b40   _lcd_gotoxy
00308bc5   _lcd_hex2
00308bd3   _lcd_hex4
00308bed   _lcd_hex8
00308aab   _lcd_out
00308abf   _lcd_out2
00308ba7   _lcd_putc
00308bb3   _lcd_puts
0000c111   _led_data
0000c104   _m_cnt
003091cf   _main
00309a52   _memset
0000c114   _output_data
0000c113   _prev_key_code
00308f73   _rsvd_ISR
00308870   _sci_debug_init
00008162   _scia_rx_isr
0000811b   _scia_tx_isr
003095d7   _scib_init
00309552   _scib_putc
00309582   _scib_puts
000083c6   _scib_rx_isr
0000c116   _scib_rxd
0000c040   _scib_tx_buf
0000c002   _scib_tx_end
00008397   _scib_tx_isr
0000c000   _scib_tx_pos
000082af   _scic_rx_isr
00008280   _scic_tx_isr
00309863   _scic_usb_init
0000c003   _sd_s
00308576   _state0_proc
003086e3   _state1_proc
00308700   _state2_proc
00308775   _state3_proc
0030878d   _state4_proc
003087ae   _state5_proc
003087dd   _state6_proc
003087f5   _state7_proc
0000c11c   _step
0000c10e   _sw_data
0000c100   _t_cnt0
0000c105   _t_cnt1
0000c110   _t_cnt2
0000c001   _tttt
00309839   _usb_putc
0030984b   _usb_puts
0000c117   _usb_rxd
0000c142   _usb_tx_buf
0000c140   _usb_tx_end
0000c141   _usb_tx_pos
00308449   _write_txbuf_asc
0030845e   _write_txbuf_byte
003084d8   _write_txbuf_long
0030842e   _write_txbuf_string
00308488   _write_txbuf_word
0000c106   _xint3_cnt
000080cb   _xint3_isr
0000c107   _xint4_cnt
000080df   _xint4_isr
0000c10c   _xint5_cnt
000080f3   _xint5_isr
0000c10d   _xint6_cnt
00008107   _xint6_isr
ffffffff   binit
00309d9a   cinit
0033fff6   code_start
00309a59   etext
ffffffff   pinit


GLOBAL SYMBOLS: SORTED BY Symbol Address 

address    name
--------   ----
00000001   __TI_args_main
00000200   __STACK_SIZE
00000400   __stack
00000600   __STACK_END
00000880   _DevEmuRegs
00000a80   _FlashRegs
00000ae0   _CsmRegs
00000b00   _AdcMirror
00000b20   _XintfRegs
00000c00   _CpuTimer0Regs
00000c08   _CpuTimer1Regs
00000c10   _CpuTimer2Regs
00000ce0   _PieCtrlRegs
00000d00   _PieVectTable
00001000   _DmaRegs
00005000   _McbspaRegs
00005040   _McbspbRegs
00006000   _ECanaRegs
00006040   _ECanaLAMRegs
00006080   _ECanaMOTSRegs
000060c0   _ECanaMOTORegs
00006100   _ECanaMboxes
00006200   _ECanbRegs
00006240   _ECanbLAMRegs
00006280   _ECanbMOTSRegs
000062c0   _ECanbMOTORegs
00006300   _ECanbMboxes
00006800   _EPwm1Regs
00006840   _EPwm2Regs
00006880   _EPwm3Regs
000068c0   _EPwm4Regs
00006900   _EPwm5Regs
00006940   _EPwm6Regs
00006a00   _ECap1Regs
00006a20   _ECap2Regs
00006a40   _ECap3Regs
00006a60   _ECap4Regs
00006a80   _ECap5Regs
00006aa0   _ECap6Regs
00006b00   _EQep1Regs
00006b40   _EQep2Regs
00006f80   _GpioCtrlRegs
00006fc0   _GpioDataRegs
00006fe0   _GpioIntRegs
00007010   _SysCtrlRegs
00007040   _SpiaRegs
00007050   _SciaRegs
00007070   _XIntruptRegs
00007100   _AdcRegs
00007750   _ScibRegs
00007770   _ScicRegs
00007900   _I2caRegs
00008000   _RamfuncsRunStart
00008000   _cpu_timer0_isr
0000804d   _cpu_timer1_isr
0000808c   _cpu_timer2_isr
000080cb   _xint3_isr
000080df   _xint4_isr
000080f3   _xint5_isr
00008107   _xint6_isr
0000811b   _scia_tx_isr
00008162   _scia_rx_isr
000081d0   _ecan0_inta_isr
0000820e   _ecan1_inta_isr
00008228   _ecan0_intb_isr
00008266   _ecan1_intb_isr
00008280   _scic_tx_isr
000082af   _scic_rx_isr
00008310   _adc_isr
00008397   _scib_tx_isr
000083c6   _scib_rx_isr
000083ec   _InitFlash
00008407   _DSP28x_usDelay
0000c000   _scib_tx_pos
0000c001   _tttt
0000c002   _scib_tx_end
0000c003   _sd_s
0000c040   _scib_tx_buf
0000c074   __unlock
0000c076   __lock
0000c078   __cleanup_ptr
0000c07a   __dtors_ptr
0000c07c   _MB_bCRCCounter
0000c07d   _MB_iTimeOutTime
0000c07e   _MB_bTimeOutCounter
0000c080   _debug_state
0000c081   _debug_cnt
0000c082   _debug_sum
0000c083   _debug_sum_temp
0000c084   _debug_wr_sum_flag
0000c085   _debug_tx_end
0000c086   _debug_wr_size
0000c087   _debug_tx_pos
0000c088   _debug_rd_addr
0000c08a   _debug_rd_addr_tmp
0000c08c   _debug_wr_addr
0000c08e   _debug_wr_data
0000c0c0   _debug_tx_buf
0000c100   _t_cnt0
0000c101   _eep_read_data
0000c102   _dac0_data
0000c103   _cana_rx_length
0000c104   _m_cnt
0000c105   _t_cnt1
0000c106   _xint3_cnt
0000c107   _xint4_cnt
0000c108   _key_cnt
0000c109   _cont_key_cnt
0000c10a   _eep_addr
0000c10b   _eep_write_data
0000c10c   _xint5_cnt
0000c10d   _xint6_cnt
0000c10e   _sw_data
0000c10f   _dip_sw_data
0000c110   _t_cnt2
0000c111   _led_data
0000c112   _key_code
0000c113   _prev_key_code
0000c114   _output_data
0000c115   _input_data
0000c116   _scib_rxd
0000c117   _usb_rxd
0000c118   _cana_rx_flag
0000c119   _dac1_data
0000c11a   _canb_rx_length
0000c11b   _canb_rx_flag
0000c11c   _step
0000c11e   _cana_rx_id
0000c120   _canb_rx_high_data
0000c122   _canb_rx_low_data
0000c124   _abOutData
0000c126   _cana_rx_high_data
0000c128   _cana_rx_low_data
0000c12a   _abInData
0000c12c   _canb_rx_id
0000c12e   _adc_a_data
0000c136   _adc_b_data
0000c140   _usb_tx_end
0000c141   _usb_tx_pos
0000c142   _usb_tx_buf
0000c180   _abSetRequest
0000c186   _abCheckRequest
0000c18c   _abResponse
0000c196   _abRequest
0000c1a2   _CpuTimer1
0000c1aa   _CpuTimer2
0000c1b2   _CpuTimer0
00308000   _RamfuncsLoadStart
0030840b   .text
0030840b   _RamfuncsLoadEnd
0030840b   ___text__
0030840b   _asc2hex
00308422   _hex2asc
0030842e   _write_txbuf_string
00308449   _write_txbuf_asc
0030845e   _write_txbuf_byte
00308488   _write_txbuf_word
003084d8   _write_txbuf_long
00308576   _state0_proc
003086e3   _state1_proc
00308700   _state2_proc
00308775   _state3_proc
0030878d   _state4_proc
003087ae   _state5_proc
003087dd   _state6_proc
003087f5   _state7_proc
00308870   _sci_debug_init
003088a9   _hex2_to_decimal
003088ce   _hex4_to_decimal
00308968   _Init_DSK_Gpio
003089a8   _Get_Digital_Input
003089b5   _Set_Digital_Output
003089cb   _Set_Digital_OutputBit
003089de   _Clear_Digital_OutputBit
003089f2   _Init_Ext_Bus
00308a93   _Get_SW_Data
00308a9b   _Get_DIP_Data
00308aa4   _Set_LED_Data
00308aab   _lcd_out
00308abf   _lcd_out2
00308af6   _init_lcd
00308b40   _lcd_gotoxy
00308b6d   _lcd_clear
00308b77   _lcd_clear_line
00308b95   _lcd_cursor_on
00308b9e   _lcd_cursor_off
00308ba7   _lcd_putc
00308bb3   _lcd_puts
00308bc5   _lcd_hex2
00308bd3   _lcd_hex4
00308bed   _lcd_hex8
00308c29   _lcd_decimal_byte
00308c40   _lcd_decimal_word
00308c67   _INT13_ISR
00308c71   _INT14_ISR
00308c7b   _DATALOG_ISR
00308c85   _RTOSINT_ISR
00308c8f   _EMUINT_ISR
00308c99   _NMI_ISR
00308ca3   _ILLEGAL_ISR
00308cad   _USER1_ISR
00308cb7   _USER2_ISR
00308cc1   _USER3_ISR
00308ccb   _USER4_ISR
00308cd5   _USER5_ISR
00308cdf   _USER6_ISR
00308ce9   _USER7_ISR
00308cf3   _USER8_ISR
00308cfd   _USER9_ISR
00308d07   _USER10_ISR
00308d11   _USER11_ISR
00308d1b   _USER12_ISR
00308d25   _SEQ1INT_ISR
00308d2f   _SEQ2INT_ISR
00308d39   _XINT1_ISR
00308d43   _XINT2_ISR
00308d4d   _ADCINT_ISR
00308d57   _TINT0_ISR
00308d61   _WAKEINT_ISR
00308d6b   _EPWM1_TZINT_ISR
00308d75   _EPWM2_TZINT_ISR
00308d7f   _EPWM3_TZINT_ISR
00308d89   _EPWM4_TZINT_ISR
00308d93   _EPWM5_TZINT_ISR
00308d9d   _EPWM6_TZINT_ISR
00308da7   _EPWM1_INT_ISR
00308db1   _EPWM2_INT_ISR
00308dbb   _EPWM3_INT_ISR
00308dc5   _EPWM4_INT_ISR
00308dcf   _EPWM5_INT_ISR
00308dd9   _EPWM6_INT_ISR
00308de3   _ECAP1_INT_ISR
00308ded   _ECAP2_INT_ISR
00308df7   _ECAP3_INT_ISR
00308e01   _ECAP4_INT_ISR
00308e0b   _ECAP5_INT_ISR
00308e15   _ECAP6_INT_ISR
00308e1f   _EQEP1_INT_ISR
00308e29   _EQEP2_INT_ISR
00308e33   _SPIRXINTA_ISR
00308e3d   _SPITXINTA_ISR
00308e47   _MRINTB_ISR
00308e51   _MXINTB_ISR
00308e5b   _MRINTA_ISR
00308e65   _MXINTA_ISR
00308e6f   _DINTCH1_ISR
00308e79   _DINTCH2_ISR
00308e83   _DINTCH3_ISR
00308e8d   _DINTCH4_ISR
00308e97   _DINTCH5_ISR
00308ea1   _DINTCH6_ISR
00308eab   _I2CINT1A_ISR
00308eb5   _I2CINT2A_ISR
00308ebf   _SCIRXINTC_ISR
00308ec9   _SCITXINTC_ISR
00308ed3   _SCIRXINTA_ISR
00308edd   _SCITXINTA_ISR
00308ee7   _SCIRXINTB_ISR
00308ef1   _SCITXINTB_ISR
00308efb   _ECAN0INTA_ISR
00308f05   _ECAN1INTA_ISR
00308f0f   _ECAN0INTB_ISR
00308f19   _ECAN1INTB_ISR
00308f23   _XINT3_ISR
00308f2d   _XINT4_ISR
00308f37   _XINT5_ISR
00308f41   _XINT6_ISR
00308f4b   _XINT7_ISR
00308f55   _LVF_ISR
00308f5f   _LUF_ISR
00308f69   _PIE_RESERVED
00308f73   _rsvd_ISR
00308f7d   _key_check
00308fb2   _key_process
00308fe2   _cont_key_process
00308fef   _eeprom_key_process
00309097   _can_key_process
003090e7   _cana_rx_data_update
0030913a   _canb_rx_data_update
0030918d   _Init_External_Interrupt
003091cf   _main
00309267   _InitECan
0030926c   _InitECana
003092ea   _InitECanb
00309368   _InitECanGpio
0030936d   _InitECanaGpio
00309383   _InitECanbGpio
00309397   _InitSysCtrl
003093a0   _ServiceDog
003093aa   _DisableDog
003093b2   _InitPll
00309400   _InitPeripheralClocks
0030945b   _CsmUnlock
0030948c   _SendDataToECanA
003094b6   _SendDataToECanB
003094e0   _init_can
00309552   _scib_putc
00309582   _scib_puts
003095ba   _SD_GetChar
003095cf   _SD_CharReceived
003095d7   _scib_init
0030960e   _ABIC_AutoBaud
00309625   _ABIC_NormalMode
00309644   _ABIC_ReadOutData
00309675   _ABIC_WriteInData
003096a8   _Init_I2C_eeprom
003096d1   _Write_EEPROM_Data
003096fe   _Read_EEPROM_Data
00309736   _TM_StartTimer
0030973a   _TM_TimeOut
00309743   _MB_SendRecModbusMessage
003097bf   _InitCpuTimers
003097fe   _ConfigCpuTimer
00309839   _usb_putc
0030984b   _usb_puts
00309863   _scic_usb_init
0030989c   _Init_Spi_Dac
003098d2   _DAC_Out
003098ff   _c_int00
00309945   _Init_Adc_Mode
0030997d   _InitPieCtrl
0030999c   _EnableInterrupts
003099a5   _GenerateCrc
003099cb   _InitPieVectTable
003099eb   __args_main
00309a06   C$$EXIT
00309a06   _abort
00309a08   _exit
00309a1f   _MemCopy
00309a36   U$$DIV
00309a3b   U$$MOD
00309a41   __register_unlock
00309a45   __register_lock
00309a49   __nop
00309a52   _memset
00309a59   ___etext__
00309a59   etext
00309a5a   _PieVectTableInit
00309b5a   _abCrcHi
00309c5a   _abCrcLo
00309d9a   ___cinit__
00309d9a   cinit
0033fff6   code_start
0033fff8   _CsmPwl
00380080   _ADC_cal
00380090   _PartIdRegs
ffffffff   ___binit__
ffffffff   ___c_args__
ffffffff   ___pinit__
ffffffff   binit
ffffffff   pinit

[351 symbols]
