******************************************************************************
             TMS320C2000 Linker PC v5.2.4                      
******************************************************************************
>> Linked Tue Feb 15 22:19:01 2011

OUTPUT FILE NAME:   <./Debug/Seoho VD Drive Program.out>
ENTRY POINT SYMBOL: "_c_int00"  address: 0000d80f


MEMORY CONFIGURATION

         name            origin    length      used     unused   attr    fill
----------------------  --------  ---------  --------  --------  ----  --------
PAGE 0:
  BEGIN                 00000000   00000002  00000002  00000000  RWIX
  BOOT_RSVD             00000002   0000004e  00000000  0000004e  RWIX
  RAMM0                 00000050   000003b0  00000000  000003b0  RWIX
  RAML0                 00008000   00000600  00000120  000004e0  RWIX
  RAML1                 00008600   00006500  00005c91  0000086f  RWIX
  CSM_RSVD              0033ff80   00000076  00000000  00000076  RWIX
  CSM_PWL               0033fff8   00000008  00000000  00000008  RWIX
  ADC_CAL               00380080   00000009  00000007  00000002  RWIX
  IQTABLES              003fe000   00000b50  00000000  00000b50  RWIX
  IQTABLES2             003feb50   0000008c  00000000  0000008c  RWIX
  FPUTABLES             003febdc   000006a0  000006a0  00000000  RWIX
  BOOTROM               003ff27c   00000d44  00000000  00000d44  RWIX
  RESET                 003fffc0   00000002  00000000  00000002  RWIX

PAGE 1:
  RAMM1                 00000400   00000400  00000400  00000000  RWIX
  DEV_EMU               00000880   00000180  000000d0  000000b0  RWIX
  FLASH_REGS            00000a80   00000060  00000008  00000058  RWIX
  CSM                   00000ae0   00000010  00000010  00000000  RWIX
  ADC_MIRROR            00000b00   00000010  00000010  00000000  RWIX
  XINTF                 00000b20   00000020  0000001e  00000002  RWIX
  CPU_TIMER0            00000c00   00000008  00000008  00000000  RWIX
  CPU_TIMER1            00000c08   00000008  00000008  00000000  RWIX
  CPU_TIMER2            00000c10   00000008  00000008  00000000  RWIX
  PIE_CTRL              00000ce0   00000020  0000001a  00000006  RWIX
  PIE_VECT              00000d00   00000100  00000100  00000000  RWIX
  DMA                   00001000   00000200  000000e0  00000120  RWIX
  ZONE0                 00004000   00001000  00000800  00000800  RWIX
  MCBSPA                00005000   00000040  00000025  0000001b  RWIX
  MCBSPB                00005040   00000040  00000025  0000001b  RWIX
  ECANA                 00006000   00000040  00000034  0000000c  RWIX
  ECANA_LAM             00006040   00000040  00000040  00000000  RWIX
  ECANA_MOTS            00006080   00000040  00000040  00000000  RWIX
  ECANA_MOTO            000060c0   00000040  00000040  00000000  RWIX
  ECANA_MBOX            00006100   00000100  00000100  00000000  RWIX
  ECANB                 00006200   00000040  00000034  0000000c  RWIX
  ECANB_LAM             00006240   00000040  00000040  00000000  RWIX
  ECANB_MOTS            00006280   00000040  00000040  00000000  RWIX
  ECANB_MOTO            000062c0   00000040  00000040  00000000  RWIX
  ECANB_MBOX            00006300   00000100  00000100  00000000  RWIX
  EPWM1                 00006800   00000022  00000022  00000000  RWIX
  EPWM2                 00006840   00000022  00000022  00000000  RWIX
  EPWM3                 00006880   00000022  00000022  00000000  RWIX
  EPWM4                 000068c0   00000022  00000022  00000000  RWIX
  EPWM5                 00006900   00000022  00000022  00000000  RWIX
  EPWM6                 00006940   00000022  00000022  00000000  RWIX
  ECAP1                 00006a00   00000020  00000020  00000000  RWIX
  ECAP2                 00006a20   00000020  00000020  00000000  RWIX
  ECAP3                 00006a40   00000020  00000020  00000000  RWIX
  ECAP4                 00006a60   00000020  00000020  00000000  RWIX
  ECAP5                 00006a80   00000020  00000020  00000000  RWIX
  ECAP6                 00006aa0   00000020  00000020  00000000  RWIX
  EQEP1                 00006b00   00000040  00000040  00000000  RWIX
  EQEP2                 00006b40   00000040  00000040  00000000  RWIX
  GPIOCTRL              00006f80   00000040  0000002e  00000012  RWIX
  GPIODAT               00006fc0   00000020  00000020  00000000  RWIX
  GPIOINT               00006fe0   00000020  0000000a  00000016  RWIX
  SYSTEM                00007010   00000020  00000020  00000000  RWIX
  SPIA                  00007040   00000010  00000010  00000000  RWIX
  SCIA                  00007050   00000010  00000010  00000000  RWIX
  XINTRUPT              00007070   00000010  00000010  00000000  RWIX
  ADC                   00007100   00000020  0000001e  00000002  RWIX
  SCIB                  00007750   00000010  00000010  00000000  RWIX
  SCIC                  00007770   00000010  00000010  00000000  RWIX
  I2CA                  00007900   00000040  00000022  0000001e  RWIX
  RAML4                 0000ed00   00002000  00001685  0000097b  RWIX
  CSM_PWL               0033fff8   00000008  00000008  00000000  RWIX


SECTION ALLOCATION MAP

 output                                  attributes/
section   page    origin      length       input sections
--------  ----  ----------  ----------   ----------------
codestart 
*          0    00000000    00000002     
                  00000000    00000002     Core_DSP2833x_CodeStartBranch.obj (codestart)

.pinit     0    00008000    00000000     UNINITIALIZED

.switch    0    00008000    00000120     
                  00008000    0000009c     Shell_IO.obj (.switch)
                  0000809c    00000084     Shell_Keypad_SCI.obj (.switch)

.text      0    00008600    0000540a     
                  00008600    0000110f     Shell_IO.obj (.text)
                  0000970f    00000d2c     Core_Vector_Control.obj (.text)
                  0000a43b    0000087a     Shell_Keypad_SCI.obj (.text)
                  0000acb5    00000791     Core_Auto_Tuning.obj (.text)
                  0000b446    00000495     Core_RealSys_2833x.obj (.text)
                  0000b8db    00000414     Core_Speed_Calc.obj (.text)
                  0000bcef    00000316     Core_DSP2833x_DefaultIsr.obj (.text)
                  0000c005    00000312     All_Interrupt.obj (.text)
                  0000c317    000002c1     Core_ADC_DAC.obj (.text)
                  0000c5d8    000002a0     Core_Common_Module.obj (.text)
                  0000c878    0000023f     Core_Gpio_Xintf_Set.obj (.text)
                  0000cab7    000001e9     All_Main.obj (.text)
                  0000cca0    00000175     Shell_DSP2833x_Mcbsp.obj (.text)
                  0000ce15    00000156     Shell_State_Management.obj (.text)
                  0000cf6b    0000014e     DEV_EasydspDac28335.obj (.text)
                  0000d0b9    00000115     Shell_Ref_Func.obj (.text)
                  0000d1ce    000000f5     Core_DSP2833x_SysCtrl.obj (.text)
                  0000d2c3    000000f1     Shell_Fault_Processing.obj (.text)
                  0000d3b4    000000cb     SCI_B.obj (.text)
                  0000d47f    000000b1     Shell_ABS_Encoder.obj (.text)
                  0000d530    0000009a     abic.obj (.text)
                  0000d5ca    00000086     mb.obj (.text)
                  0000d650    00000082     Core_DSP2833x_CpuTimers.obj (.text)
                  0000d6d2    0000007e     Shell_Keypad.obj (.text)
                  0000d750    00000070     Seoho_DSP2833x_Xintf.obj (.text)
                  0000d7c0    0000004f     rts2800_fpu32_fast_supplement.lib : atan2_f32.obj (.text)
                  0000d80f    00000046     rts2800_fpu32.lib : boot.obj (.text)
                  0000d855    00000034     rts2800_fpu32_fast_supplement.lib : cos_f32.obj (.text)
                  0000d889    00000034                                       : sin_f32.obj (.text)
                  0000d8bd    00000028     Core_DSP2833x_PieCtrl.obj (.text)
                  0000d8e5    00000026     crc.obj (.text)
                  0000d90b    00000022     rts2800_fpu32.lib : i_div.obj (.text)
                  0000d92d    00000021     rts2800_fpu32_fast_supplement.lib : sqrt_f32.obj (.text)
                  0000d94e    00000020     Core_DSP2833x_PieVect.obj (.text)
                  0000d96e    00000020     rts2800_fpu32.lib : strncpy.obj (.text)
                  0000d98e    0000001b                       : args_main.obj (.text)
                  0000d9a9    00000019                       : exit.obj (.text)
                  0000d9c2    00000019     rts2800_fpu32_fast_supplement.lib : div_f32.obj (.text)
                  0000d9db    00000017     Core_DSP2833x_MemCopy.obj (.text)
                  0000d9f2    00000009     rts2800_fpu32.lib : _lock.obj (.text)
                  0000d9fb    00000008     Core_DSP2833x_CodeStartBranch.obj (.text)
                  0000da03    00000007     rts2800_fpu32.lib : memset.obj (.text)

.cinit     0    0000da0a    000006b5     
                  0000da0a    000002f0     All_Main.obj (.cinit)
                  0000dcfa    00000182     Shell_IO.obj (.cinit)
                  0000de7c    00000091     Core_Auto_Tuning.obj (.cinit)
                  0000df0d    0000007c     Core_Vector_Control.obj (.cinit)
                  0000df89    00000058     Core_Speed_Calc.obj (.cinit)
                  0000dfe1    0000002d     abic.obj (.cinit)
                  0000e00e    0000002a     Core_RealSys_2833x.obj (.cinit)
                  0000e038    00000024     All_Interrupt.obj (.cinit)
                  0000e05c    00000019     Shell_Ref_Func.obj (.cinit)
                  0000e075    00000018     SCI_B.obj (.cinit)
                  0000e08d    0000000c     Core_ADC_DAC.obj (.cinit)
                  0000e099    0000000a     rts2800_fpu32.lib : _lock.obj (.cinit)
                  0000e0a3    0000000a                       : exit.obj (.cinit)
                  0000e0ad    00000008     Shell_Keypad_SCI.obj (.cinit)
                  0000e0b5    00000004     DEV_EasydspDac28335.obj (.cinit)
                  0000e0b9    00000004     Shell_Fault_Processing.obj (.cinit)
                  0000e0bd    00000002     --HOLE-- [fill = 0]

ramfuncs   0    0000e0bf    000001d2     
                  0000e0bf    000000b6     Core_RealSys_2833x.obj (ramfuncs)
                  0000e175    00000076     Shell_Keypad_SCI.obj (ramfuncs)
                  0000e1eb    0000006e     SCI_B.obj (ramfuncs)
                  0000e259    0000001b     Core_DSP2833x_SysCtrl.obj (ramfuncs)
                  0000e274    00000019     All_Main.obj (ramfuncs)
                  0000e28d    00000004     Core_DSP2833x_usDelay.obj (ramfuncs)

csm_rsvd   0    0033ff80    00000000     DSECT

csmpasswds 
*          0    0033fff8    00000000     DSECT

.adc_cal   0    00380080    00000007     NOLOAD SECTION
                  00380080    00000007     Core_DSP2833x_ADC_cal.obj (.adc_cal)

FPUmathTables 
*          0    003febdc    000006a0     NOLOAD SECTION
                  003febdc    000006a0     rts2800_fpu32_fast_supplement.lib : FPUmathTables.obj (FPUmathTables)

.reset     0    003fffc0    00000002     DSECT
                  003fffc0    00000002     rts2800_fpu32.lib : boot.obj (.reset)

.stack     1    00000400    00000400     UNINITIALIZED
                  00000400    00000400     --HOLE--

DevEmuRegsFile 
*          1    00000880    000000d0     UNINITIALIZED
                  00000880    000000d0     Core_DSP2833x_GlobalVariableDefs.obj (DevEmuRegsFile)

FlashRegsFile 
*          1    00000a80    00000008     UNINITIALIZED
                  00000a80    00000008     Core_DSP2833x_GlobalVariableDefs.obj (FlashRegsFile)

CsmRegsFile 
*          1    00000ae0    00000010     UNINITIALIZED
                  00000ae0    00000010     Core_DSP2833x_GlobalVariableDefs.obj (CsmRegsFile)

AdcMirrorFile 
*          1    00000b00    00000010     UNINITIALIZED
                  00000b00    00000010     Core_DSP2833x_GlobalVariableDefs.obj (AdcMirrorFile)

XintfRegsFile 
*          1    00000b20    0000001e     UNINITIALIZED
                  00000b20    0000001e     Core_DSP2833x_GlobalVariableDefs.obj (XintfRegsFile)

CpuTimer0RegsFile 
*          1    00000c00    00000008     UNINITIALIZED
                  00000c00    00000008     Core_DSP2833x_GlobalVariableDefs.obj (CpuTimer0RegsFile)

CpuTimer1RegsFile 
*          1    00000c08    00000008     UNINITIALIZED
                  00000c08    00000008     Core_DSP2833x_GlobalVariableDefs.obj (CpuTimer1RegsFile)

CpuTimer2RegsFile 
*          1    00000c10    00000008     UNINITIALIZED
                  00000c10    00000008     Core_DSP2833x_GlobalVariableDefs.obj (CpuTimer2RegsFile)

PieCtrlRegsFile 
*          1    00000ce0    0000001a     UNINITIALIZED
                  00000ce0    0000001a     Core_DSP2833x_GlobalVariableDefs.obj (PieCtrlRegsFile)

PieVectTableFile 
*          1    00000d00    00000100     UNINITIALIZED
                  00000d00    00000100     Core_DSP2833x_GlobalVariableDefs.obj (PieVectTableFile)

DmaRegsFile 
*          1    00001000    000000e0     UNINITIALIZED
                  00001000    000000e0     Core_DSP2833x_GlobalVariableDefs.obj (DmaRegsFile)

ZONE0DATA 
*          1    00004000    00000800     UNINITIALIZED
                  00004000    00000800     All_Main.obj (ZONE0DATA)

McbspaRegsFile 
*          1    00005000    00000025     UNINITIALIZED
                  00005000    00000025     Core_DSP2833x_GlobalVariableDefs.obj (McbspaRegsFile)

McbspbRegsFile 
*          1    00005040    00000025     UNINITIALIZED
                  00005040    00000025     Core_DSP2833x_GlobalVariableDefs.obj (McbspbRegsFile)

ECanaRegsFile 
*          1    00006000    00000034     UNINITIALIZED
                  00006000    00000034     Core_DSP2833x_GlobalVariableDefs.obj (ECanaRegsFile)

ECanaLAMRegsFile 
*          1    00006040    00000040     UNINITIALIZED
                  00006040    00000040     Core_DSP2833x_GlobalVariableDefs.obj (ECanaLAMRegsFile)

ECanaMOTSRegsFile 
*          1    00006080    00000040     UNINITIALIZED
                  00006080    00000040     Core_DSP2833x_GlobalVariableDefs.obj (ECanaMOTSRegsFile)

ECanaMOTORegsFile 
*          1    000060c0    00000040     UNINITIALIZED
                  000060c0    00000040     Core_DSP2833x_GlobalVariableDefs.obj (ECanaMOTORegsFile)

ECanaMboxesFile 
*          1    00006100    00000100     UNINITIALIZED
                  00006100    00000100     Core_DSP2833x_GlobalVariableDefs.obj (ECanaMboxesFile)

ECanbRegsFile 
*          1    00006200    00000034     UNINITIALIZED
                  00006200    00000034     Core_DSP2833x_GlobalVariableDefs.obj (ECanbRegsFile)

ECanbLAMRegsFile 
*          1    00006240    00000040     UNINITIALIZED
                  00006240    00000040     Core_DSP2833x_GlobalVariableDefs.obj (ECanbLAMRegsFile)

ECanbMOTSRegsFile 
*          1    00006280    00000040     UNINITIALIZED
                  00006280    00000040     Core_DSP2833x_GlobalVariableDefs.obj (ECanbMOTSRegsFile)

ECanbMOTORegsFile 
*          1    000062c0    00000040     UNINITIALIZED
                  000062c0    00000040     Core_DSP2833x_GlobalVariableDefs.obj (ECanbMOTORegsFile)

ECanbMboxesFile 
*          1    00006300    00000100     UNINITIALIZED
                  00006300    00000100     Core_DSP2833x_GlobalVariableDefs.obj (ECanbMboxesFile)

EPwm1RegsFile 
*          1    00006800    00000022     UNINITIALIZED
                  00006800    00000022     Core_DSP2833x_GlobalVariableDefs.obj (EPwm1RegsFile)

EPwm2RegsFile 
*          1    00006840    00000022     UNINITIALIZED
                  00006840    00000022     Core_DSP2833x_GlobalVariableDefs.obj (EPwm2RegsFile)

EPwm3RegsFile 
*          1    00006880    00000022     UNINITIALIZED
                  00006880    00000022     Core_DSP2833x_GlobalVariableDefs.obj (EPwm3RegsFile)

EPwm4RegsFile 
*          1    000068c0    00000022     UNINITIALIZED
                  000068c0    00000022     Core_DSP2833x_GlobalVariableDefs.obj (EPwm4RegsFile)

EPwm5RegsFile 
*          1    00006900    00000022     UNINITIALIZED
                  00006900    00000022     Core_DSP2833x_GlobalVariableDefs.obj (EPwm5RegsFile)

EPwm6RegsFile 
*          1    00006940    00000022     UNINITIALIZED
                  00006940    00000022     Core_DSP2833x_GlobalVariableDefs.obj (EPwm6RegsFile)

ECap1RegsFile 
*          1    00006a00    00000020     UNINITIALIZED
                  00006a00    00000020     Core_DSP2833x_GlobalVariableDefs.obj (ECap1RegsFile)

ECap2RegsFile 
*          1    00006a20    00000020     UNINITIALIZED
                  00006a20    00000020     Core_DSP2833x_GlobalVariableDefs.obj (ECap2RegsFile)

ECap3RegsFile 
*          1    00006a40    00000020     UNINITIALIZED
                  00006a40    00000020     Core_DSP2833x_GlobalVariableDefs.obj (ECap3RegsFile)

ECap4RegsFile 
*          1    00006a60    00000020     UNINITIALIZED
                  00006a60    00000020     Core_DSP2833x_GlobalVariableDefs.obj (ECap4RegsFile)

ECap5RegsFile 
*          1    00006a80    00000020     UNINITIALIZED
                  00006a80    00000020     Core_DSP2833x_GlobalVariableDefs.obj (ECap5RegsFile)

ECap6RegsFile 
*          1    00006aa0    00000020     UNINITIALIZED
                  00006aa0    00000020     Core_DSP2833x_GlobalVariableDefs.obj (ECap6RegsFile)

EQep1RegsFile 
*          1    00006b00    00000040     UNINITIALIZED
                  00006b00    00000040     Core_DSP2833x_GlobalVariableDefs.obj (EQep1RegsFile)

EQep2RegsFile 
*          1    00006b40    00000040     UNINITIALIZED
                  00006b40    00000040     Core_DSP2833x_GlobalVariableDefs.obj (EQep2RegsFile)

GpioCtrlRegsFile 
*          1    00006f80    0000002e     UNINITIALIZED
                  00006f80    0000002e     Core_DSP2833x_GlobalVariableDefs.obj (GpioCtrlRegsFile)

GpioDataRegsFile 
*          1    00006fc0    00000020     UNINITIALIZED
                  00006fc0    00000020     Core_DSP2833x_GlobalVariableDefs.obj (GpioDataRegsFile)

GpioIntRegsFile 
*          1    00006fe0    0000000a     UNINITIALIZED
                  00006fe0    0000000a     Core_DSP2833x_GlobalVariableDefs.obj (GpioIntRegsFile)

SysCtrlRegsFile 
*          1    00007010    00000020     UNINITIALIZED
                  00007010    00000020     Core_DSP2833x_GlobalVariableDefs.obj (SysCtrlRegsFile)

SpiaRegsFile 
*          1    00007040    00000010     UNINITIALIZED
                  00007040    00000010     Core_DSP2833x_GlobalVariableDefs.obj (SpiaRegsFile)

SciaRegsFile 
*          1    00007050    00000010     UNINITIALIZED
                  00007050    00000010     Core_DSP2833x_GlobalVariableDefs.obj (SciaRegsFile)

XIntruptRegsFile 
*          1    00007070    00000010     UNINITIALIZED
                  00007070    00000010     Core_DSP2833x_GlobalVariableDefs.obj (XIntruptRegsFile)

AdcRegsFile 
*          1    00007100    0000001e     UNINITIALIZED
                  00007100    0000001e     Core_DSP2833x_GlobalVariableDefs.obj (AdcRegsFile)

ScibRegsFile 
*          1    00007750    00000010     UNINITIALIZED
                  00007750    00000010     Core_DSP2833x_GlobalVariableDefs.obj (ScibRegsFile)

ScicRegsFile 
*          1    00007770    00000010     UNINITIALIZED
                  00007770    00000010     Core_DSP2833x_GlobalVariableDefs.obj (ScicRegsFile)

I2caRegsFile 
*          1    00007900    00000022     UNINITIALIZED
                  00007900    00000022     Core_DSP2833x_GlobalVariableDefs.obj (I2caRegsFile)

.ebss      1    0000ed00    000012a1     UNINITIALIZED
                  0000ed00    00000fb8     All_Main.obj (.ebss)
                  0000fcb8    00000004     rts2800_fpu32.lib : _lock.obj (.ebss)
                  0000fcbc    00000004                       : exit.obj (.ebss)
                  0000fcc0    000000b3     SCI_B.obj (.ebss)
                  0000fd73    00000001     Shell_Fault_Processing.obj (.ebss)
                  0000fd74    0000000c     All_Interrupt.obj (.ebss)
                  0000fd80    0000008e     Shell_IO.obj (.ebss)
                  0000fe0e    00000032     Core_Vector_Control.obj (.ebss)
                  0000fe40    00000073     Core_RealSys_2833x.obj (.ebss)
                  0000feb3    00000001     --HOLE--
                  0000feb4    0000000a     Shell_Ref_Func.obj (.ebss)
                  0000febe    00000002     Shell_Keypad_SCI.obj (.ebss)
                  0000fec0    00000038     Core_Auto_Tuning.obj (.ebss)
                  0000fef8    00000003     Core_ADC_DAC.obj (.ebss)
                  0000fefb    00000003     mb.obj (.ebss)
                  0000fefe    00000002     --HOLE--
                  0000ff00    00000024     DEV_EasydspDac28335.obj (.ebss)
                  0000ff24    00000018     Core_DSP2833x_CpuTimers.obj (.ebss)
                  0000ff3c    00000004     --HOLE--
                  0000ff40    00000022     Core_Speed_Calc.obj (.ebss)
                  0000ff62    0000001e     --HOLE--
                  0000ff80    00000021     abic.obj (.ebss)

.econst    1    0000ffa2    000003e4     
                  0000ffa2    00000100     Core_DSP2833x_PieVect.obj (.econst)
                  000100a2    00000100     crc.obj (.econst:_abCrcHi)
                  000101a2    00000100     crc.obj (.econst:_abCrcLo)
                  000102a2    00000093     Shell_State_Management.obj (.econst:.string)
                  00010335    00000001     --HOLE-- [fill = 0]
                  00010336    0000001b     All_Main.obj (.econst:.string)
                  00010351    00000001     --HOLE-- [fill = 0]
                  00010352    0000000f     Shell_Fault_Processing.obj (.econst:.string)
                  00010361    00000001     --HOLE-- [fill = 0]
                  00010362    0000000d     Shell_Keypad_SCI.obj (.econst:.string)
                  0001036f    00000001     --HOLE-- [fill = 0]
                  00010370    0000000b     Core_ADC_DAC.obj (.econst:.string)
                  0001037b    00000001     --HOLE-- [fill = 0]
                  0001037c    0000000a     Core_RealSys_2833x.obj (.econst:.string)

CsmPwlFile 
*          1    0033fff8    00000008     UNINITIALIZED
                  0033fff8    00000008     Core_DSP2833x_GlobalVariableDefs.obj (CsmPwlFile)


GLOBAL SYMBOLS: SORTED ALPHABETICALLY BY Name 

address    name
--------   ----
00008600   .text
0000d9a9   C$$EXIT
0000d9c2   FS$$DIV
0000d90b   I$$DIV
0000d91c   I$$MOD
0000d530   _ABIC_AutoBaud
0000d547   _ABIC_NormalMode
0000d566   _ABIC_ReadOutData
0000d598   _ABIC_WriteInData
0000bdd5   _ADCINT_ISR
00380080   _ADC_cal
0000fd80   _ADTest
0000ed9a   _Accel_time
0000ed9e   _Accel_time_Auto_tuning
00000b00   _AdcMirror
00007100   _AdcRegs
0000ed12   _Adc_AIN_3
0000ed14   _Adc_AIN_4
0000ed13   _Adc_AIN_5
0000ed01   _Adc_AIN_I1
0000ed11   _Adc_AIN_I2
0000ed04   _Adc_AIN_V1
0000ed10   _Adc_AIN_V2
0000ed0c   _Adc_Temperature
0000ed0a   _Adc_Uphase
0000ed0b   _Adc_V_Range
0000ed00   _Adc_Vdc
0000ed02   _Adc_Vphase
0000ed03   _Adc_Wphase
0000ed98   _AnaCmdReference
00009614   _AnalogInputProcessing
0000acb5   _Auto_Tuning
0000ed1a   _Auto_tuning_index
0000d501   _BinaryToDecimal
0000edce   _Bm
0000fdc2   _CH1_COUNT_AT_0MA
0000fdbc   _CH1_COUNT_AT_0V
0000fdba   _CH1_COUNT_AT_10V
0000fdce   _CH1_COUNT_AT_20MA
0000fdc0   _CH1_COUNT_AT_4MA
0000fdc4   _CH2_COUNT_AT_0MA
0000fdd2   _CH2_COUNT_AT_0V
0000fdc8   _CH2_COUNT_AT_10V
0000fdcc   _CH2_COUNT_AT_20MA
0000fdbe   _CH2_COUNT_AT_4MA
0000fdc6   _CH3_COUNT_AT_0MA
0000fda8   _CH3_COUNT_AT_0V
0000fdb6   _CH3_COUNT_AT_10V
0000fdaa   _CH3_COUNT_AT_20MA
0000fdd0   _CH3_COUNT_AT_4MA
0000fda4   _CH4_COUNT_AT_0MA
0000fda6   _CH4_COUNT_AT_0V
0000fdb4   _CH4_COUNT_AT_10V
0000fdac   _CH4_COUNT_AT_20MA
0000fda2   _CH4_COUNT_AT_4MA
0000fdca   _CH5_COUNT_AT_0MA
0000fdb8   _CH5_COUNT_AT_0V
0000fdb2   _CH5_COUNT_AT_10V
0000fdae   _CH5_COUNT_AT_20MA
0000fdb0   _CH5_COUNT_AT_4MA
0000ed15   _CRC
0000a543   _CRC_16
00009700   _CheckOptionCardID
0000963f   _CheckPowerVersion
0000ed1e   _Comm_GROUP
0000ed1d   _Comm_INDEX
0000f100   _Comm_array
0000ed2a   _Command
0000d697   _ConfigCpuTimer
0000ed4a   _Cos_Theta
0000ed56   _Cos_Theta_vtg
0000ff34   _CpuTimer0
00000c00   _CpuTimer0Regs
0000ff24   _CpuTimer1
00000c08   _CpuTimer1Regs
0000ff2c   _CpuTimer2
00000c10   _CpuTimer2Regs
0033fff8   _CsmPwl
00000ae0   _CsmRegs
0000d292   _CsmUnlock
00009be6   _Current_Controller
0000ed88   _DA1
0000ed86   _DA1_mid
0000ed8a   _DA1_rng
0000ed38   _DA1_val
0000ed82   _DA2
0000ee52   _DA2_mid
0000ed84   _DA2_rng
0000ed3a   _DA2_val
0000ed94   _DA3
0000ed92   _DA3_mid
0000ed96   _DA3_rng
0000ed3d   _DA3_val
0000ed8e   _DA4
0000ed72   _DA4_mid
0000ed76   _DA4_rng
0000ed3b   _DA4_val
0000cfa3   _DAC_Out
0000c52e   _DAC_Setup
0000bd03   _DATALOG_ISR
0000c2af   _DB_Controller
0000bef7   _DINTCH1_ISR
0000bf01   _DINTCH2_ISR
0000bf0b   _DINTCH3_ISR
0000bf15   _DINTCH4_ISR
0000bf1f   _DINTCH5_ISR
0000bf29   _DINTCH6_ISR
00008620   _DI_Function
0000888b   _DI_Processing
0000886e   _DI_RUN_DIR
0000e28d   _DSP28x_usDelay
0000d6d2   _DSPtoArray
0000d716   _DSPtoMonitoring
0000eda4   _Decel_time
0000eda0   _Decel_time_Auto_tuning
0000d47f   _DecimalToBianary
00000880   _DevEmuRegs
0000d1e1   _DisableDog
00001000   _DmaRegs
0000ed7a   _DrivePower
0000c005   _Driver_Calibration
0000ed0e   _Driver_ON
0000ee5a   _DutyCount
0000bf83   _ECAN0INTA_ISR
0000bf97   _ECAN0INTB_ISR
0000bf8d   _ECAN1INTA_ISR
0000bfa1   _ECAN1INTB_ISR
0000be6b   _ECAP1_INT_ISR
0000be75   _ECAP2_INT_ISR
0000be7f   _ECAP3_INT_ISR
0000be89   _ECAP4_INT_ISR
0000be93   _ECAP5_INT_ISR
0000be9d   _ECAP6_INT_ISR
00006040   _ECanaLAMRegs
000060c0   _ECanaMOTORegs
00006080   _ECanaMOTSRegs
00006100   _ECanaMboxes
00006000   _ECanaRegs
00006240   _ECanbLAMRegs
000062c0   _ECanbMOTORegs
00006280   _ECanbMOTSRegs
00006300   _ECanbMboxes
00006200   _ECanbRegs
00006a00   _ECap1Regs
00006a20   _ECap2Regs
00006a40   _ECap3Regs
00006a60   _ECap4Regs
00006a80   _ECap5Regs
00006aa0   _ECap6Regs
0000bd17   _EMUINT_ISR
0000be2f   _EPWM1_INT_ISR
0000bdf3   _EPWM1_TZINT_ISR
0000be39   _EPWM2_INT_ISR
0000bdfd   _EPWM2_TZINT_ISR
0000be43   _EPWM3_INT_ISR
0000be07   _EPWM3_TZINT_ISR
0000be4d   _EPWM4_INT_ISR
0000be11   _EPWM4_TZINT_ISR
0000be57   _EPWM5_INT_ISR
0000be1b   _EPWM5_TZINT_ISR
0000be61   _EPWM6_INT_ISR
0000be25   _EPWM6_TZINT_ISR
0000cb73   _EPWM_Initialization
00006800   _EPwm1Regs
00006840   _EPwm2Regs
00006880   _EPwm3Regs
000068c0   _EPwm4Regs
00006900   _EPwm5Regs
00006940   _EPwm6Regs
0000ed0d   _EPwmPeriodCount
0000bea7   _EQEP1_INT_ISR
0000beb1   _EQEP2_INT_ISR
00006b00   _EQep1Regs
00006b40   _EQep2Regs
0000d8dc   _EnableInterrupts
0000cadd   _F28335PowerOnSet
003ff0de   _FPUatan2HalfPITable
003ff0e2   _FPUatan2Table
003ff268   _FPUatan2TableEnd
003fecdc   _FPUcosTable
003ff0de   _FPUcosTableEnd
003febdc   _FPUsinTable
003fefdc   _FPUsinTableEnd
0000f080   _FaultInfo
0000d2e9   _Fault_Processing
0000d2c3   _Fault_Recording
0000a0d4   _Field_Weakening
0000ed9c   _Final_reference
0000ee5e   _Flag
00000a80   _FlashRegs
0000a248   _Flux_Controller
00009813   _Flux_Estimation
0000ed0f   _Flux_build_up
0000ed09   _Frame_ByteCnt
0000ed24   _Frame_StackPtr
0000ee1a   _Freq_Fst
0000d8e5   _GenerateCrc
00008a02   _GetAnaCount
0000c1fd   _GetAnaMonitCount
00008bc4   _GetAnalogRef
0000c376   _GetSensorValue
00006f80   _GpioCtrlRegs
00006fc0   _GpioDataRegs
00006fe0   _GpioIntRegs
0000d4ad   _GrayToBinary
0000ed1c   _Group_index
0000bf33   _I2CINT1A_ISR
0000bf3d   _I2CINT2A_ISR
00007900   _I2caRegs
0000bd2b   _ILLEGAL_ISR
0000bcef   _INT13_ISR
0000bcf9   _INT14_ISR
0000edc0   _Ias
0000ee3e   _Ias_offset
0000ee46   _Ias_ref
0000edba   _Ibs
0000ee42   _Ibs_offset
0000ee44   _Ibs_ref
0000edbc   _Ics
0000ee36   _Ics_ref
0000ee58   _Idse
0000ee4e   _Idse_ref
0000ee12   _Idse_ref_max
0000ee3a   _Idss
0000ee4c   _Idss_ref
0000c317   _InitAdc
0000d650   _InitCpuTimers
0000e259   _InitFlash
0000c878   _InitGpio
0000cca0   _InitMcbsp
0000cd89   _InitMcbspGpio
0000cca5   _InitMcbspa
0000cd14   _InitMcbspa12bit
0000cd1f   _InitMcbspa16bit
0000cd2a   _InitMcbspa20bit
0000cd35   _InitMcbspa24bit
0000cd40   _InitMcbspa32bit
0000cd0d   _InitMcbspa8bit
0000cd8e   _InitMcbspaGpio
0000cce1   _InitMcbspb
0000cd52   _InitMcbspb12bit
0000cd5d   _InitMcbspb16bit
0000cd68   _InitMcbspb20bit
0000cd73   _InitMcbspb24bit
0000cd7e   _InitMcbspb32bit
0000cd4b   _InitMcbspb8bit
0000cdb6   _InitMcbspbGpio
0000d237   _InitPeripheralClocks
0000d8bd   _InitPieCtrl
0000d94e   _InitPieVectTable
0000d1e9   _InitPll
0000d1ce   _InitSysCtrl
0000d750   _InitXintf
0000ca81   _InitXintf16Gpio
0000d779   _InitXintf32Gpio
0000edac   _Init_reference
0000edae   _Init_reference_Auto_tuning
0000ed8c   _Interrupt_time_max
0000ee56   _Iqse
0000ee18   _Iqse_max_fw
0000ee50   _Iqse_ref
0000ee48   _Iqss
0000ee4a   _Iqss_ref
0000ee38   _Is_mag
0000ee3c   _Is_mag_rms
0000ee34   _Is_max
0000edf6   _Is_rate
0000ede2   _Jm
0000edf2   _Jm_est
0000ee28   _K_CM1
0000ee2a   _K_CM2
0000ee54   _K_fw1
0000ee2e   _K_fw2
0000ed58   _Ka_cc
0000ee22   _Ka_fc
0000ed62   _Ka_sc
0000a73c   _Keypad_Serial_Communication
0000ee24   _Ki_Fst
0000ed5a   _Ki_cc
0000ee20   _Ki_fc
0000ed46   _Ki_sc
0000ee1e   _Kp_Fst
0000ed6a   _Kp_cc
0000ee26   _Kp_fc
0000ed4c   _Kp_sc
0000edf4   _Kt
0000ed5e   _L1_sp_est
0000ed5c   _L2_sp_est
0000ed60   _L3_sp_est
0000ed64   _L3_sp_tmp
0000ee0e   _LAMdre
0000ee10   _LAMdre_flt
0000edd0   _LAMdre_rate
0000edda   _LAMdre_ref
0000eda8   _LAMdrs
0000edec   _LAMdrs_cm
0000edb0   _LAMdrs_vm
0000edb2   _LAMqrs
0000edaa   _LAMqrs_cm
0000eda6   _LAMqrs_vm
000095f5   _LPF1
0000bfe7   _LUF_ISR
0000bfdd   _LVF_ISR
0000edf8   _Llr
0000edd6   _Lls
0000ede0   _Lm
0000edfc   _Load_Power
0000edd4   _Lr
0000edfe   _Ls
0000ede4   _Lsigma
0000d5d7   _MB_SendRecModbusMessage
0000fefb   _MB_bCRCCounter
0000fefc   _MB_bTimeOutCounter
0000fefd   _MB_iTimeOutTime
0000bee3   _MRINTA_ISR
0000becf   _MRINTB_ISR
0000beed   _MXINTA_ISR
0000bed9   _MXINTB_ISR
0000c0d2   _MainPWM
0000ed50   _Main_counter
0000c2f6   _Mcbsp_RxINTA_ISR
0000c2e5   _Mcbsp_TxINTA_ISR
00005000   _McbspaRegs
00005040   _McbspbRegs
0000d9db   _MemCopy
0000eec0   _MonitorMsg
000087c0   _Multi_Step_Processing
0000bd21   _NMI_ISR
0000ed07   _NewFrame_ByteCnt
0000ed06   _NewFrame_Detect
0000ed05   _NewFrame_Packet_State
0000ed22   _NewFrame_StackPtr
0000cab7   _Nop
0000ed31   _Number_of_turns
0000ed43   _Number_of_turns_buf
0000fd8a   _P11_0
0000fd89   _P11_1
0000fdde   _P11_2
0000fe0a   _P11_3
0000fe02   _P11_4
0000fe04   _P11_5
0000fd8b   _P11_6
0000fd8c   _P12_0
0000fd95   _P12_1
0000fd98   _P12_2
0000fd97   _P12_3
0000fd93   _P12_4
0000fd92   _P12_5
0000fd94   _P12_6
0000fd81   _P12_7
0000fe00   _P19_3
0000fdd8   _P1_0
0000fdda   _P1_1
0000fdd4   _P1_2
0000fdd6   _P1_3
0000fde4   _P1_4
0000fde0   _P1_5
0000fde2   _P1_6
0000fddc   _P1_7
0000fd82   _P6_0
0000fd88   _P6_1
0000fd87   _P6_2
0000fd9c   _P6_3
0000fd9a   _P6_4
0000fda0   _P6_5
0000fd9e   _P6_6
0000fd84   _P6_7
0000fd83   _P6_8
0000fd85   _P6_9
0000fd96   _P8_1
0000fd91   _P8_2
0000fd8d   _P8_3
0000fd90   _P8_4
0000fd8e   _P8_5
0000fd8f   _P8_6
0000fdf2   _P9_0
0000fdfc   _P9_1
0000fde6   _P9_10
0000fde8   _P9_11
0000fdf6   _P9_12
0000fdf8   _P9_13
0000fdf4   _P9_14
0000fdf0   _P9_15
0000fd86   _P9_16
0000fdfe   _P9_2
0000fe0c   _P9_3
0000fe06   _P9_4
0000fe08   _P9_5
0000fdfa   _P9_6
0000fdec   _P9_7
0000fdee   _P9_8
0000fdea   _P9_9
0000bff1   _PIE_RESERVED
0000ed3c   _PPR
0000c26a   _PWM_ON_OFF
0000ed08   _Packet_ByteCnt
0000ed16   _Packet_Head
0000ed23   _Packet_StackPtr
00000ce0   _PieCtrlRegs
00000d00   _PieVectTable
0000ffa2   _PieVectTableInit
0000edd8   _Pole_pair
0000f000   _RRXD_Stack
0000bd0d   _RTOSINT_ISR
0000ed27   _RXD
0000f040   _RXD_Stack
0000ed28   _RXD_StackReadPtr
0000ed29   _RXD_StackWritePtr
0000a60c   _Read_Answer
0000a5f5   _Read_Parameter
0000a599   _Read_ReceiveSerialStack
0000d0b9   _Reference_Function
0000b35b   _Reference_Function_Auto_Tuning
0000edde   _Rr
0000eddc   _Rs
0000bf5b   _SCIRXINTA_ISR
0000bf6f   _SCIRXINTB_ISR
0000bf47   _SCIRXINTC_ISR
0000bf65   _SCITXINTA_ISR
0000bf79   _SCITXINTB_ISR
0000bf51   _SCITXINTC_ISR
0000d440   _SD_CharReceived
0000d42b   _SD_GetChar
0000bdad   _SEQ1INT_ISR
0000bdb7   _SEQ2INT_ISR
0000bebb   _SPIRXINTA_ISR
0000bec5   _SPITXINTA_ISR
00009dee   _SVPWM
00007050   _SciaRegs
00007750   _ScibRegs
00007770   _ScicRegs
0000a5d3   _Send_Parameter
0000a643   _Serial_Comm_Protocol
0000d1d7   _ServiceDog
0000ed44   _Sin_Theta
0000ed48   _Sin_Theta_vtg
0000b8db   _Speed_Calculation_ABS
0000a311   _Speed_Controller
00007040   _SpiaRegs
0000ed1b   _State_Index
0000ce15   _State_Management
0000ed32   _Steps_buf1
0000ed34   _Steps_buf2
0000ed30   _Steps_per_turn
0000ed42   _Steps_per_turn_buf
0000edea   _Supply_Voltage
00007010   _SysCtrlRegs
0000bddf   _TINT0_ISR
0000d5ca   _TM_StartTimer
0000d5ce   _TM_TimeOut
0000eea4   _TTXD_Stack
0000ee90   _TXD_Stack
0000ed20   _TXD_StackReadPtr
0000ed21   _TXD_StackWritePtr
0000ed66   _T_dead_Tuning
0000ed52   _Te
0000edf0   _Temp_HHH1
0000ede6   _Temp_HHH2
0000ede8   _Temp_HHH3
0000ed4e   _Theta
0000ed54   _Thetar
0000bd8f   _USER10_ISR
0000bd99   _USER11_ISR
0000bda3   _USER12_ISR
0000bd35   _USER1_ISR
0000bd3f   _USER2_ISR
0000bd49   _USER3_ISR
0000bd53   _USER4_ISR
0000bd5d   _USER5_ISR
0000bd67   _USER6_ISR
0000bd71   _USER7_ISR
0000bd7b   _USER8_ISR
0000bd85   _USER9_ISR
0000970f   _VF_Controller
0000c5f3   _Variable_Initialization
0000edc6   _Vdc
0000edcc   _Vdc_max
0000edb4   _Vdse_ref
0000edee   _Vdse_ref_fb
0000edb8   _Vdss_ref
0000edc2   _Vdss_ref_old
0000edb6   _Vqse_ref
0000edc8   _Vqse_ref_fb
0000edca   _Vqse_ref_integ
0000edbe   _Vqss_ref
0000edc4   _Vqss_ref_old
0000bde9   _WAKEINT_ISR
0000ee30   _Wc_Fst
0000ed68   _Wc_cc
0000ee1c   _Wc_fc
0000ee0a   _Wc_sc
0000ee16   _We
0000ee04   _Wr
0000a62e   _Write_Answer
0000a567   _Write_TransmitSerialStack
0000a579   _Write_TransmitSerialStack_CRC_Update
0000ee06   _Wrm_det
0000ee32   _Wrm_det_flt
0000ed74   _Wrn1
0000ee08   _Wrpm_det
0000ed70   _Wrpm_det1
0000ee02   _Wrpm_fw1
0000ee0c   _Wrpm_fw2
0000edfa   _Wrpm_max
0000ee40   _Wrpm_rate
0000ee00   _Wrpm_ref
0000eda2   _Wrpm_scale
0000bdc1   _XINT1_ISR
0000bdcb   _XINT2_ISR
0000bfab   _XINT3_ISR
0000bfb5   _XINT4_ISR
0000bfbf   _XINT5_ISR
0000bfc9   _XINT6_ISR
0000bfd3   _XINT7_ISR
00007070   _XIntruptRegs
00000b20   _XintfRegs
0000a5bf   _Xmitt_Packet_End
0000a5ab   _Xmitt_Packet_Head
00004000   _ZONE0_BUF
00000800   __STACK_END
00000400   __STACK_SIZE
00000001   __TI_args_main
ffffffff   ___binit__
ffffffff   ___c_args__
0000da0a   ___cinit__
0000da0a   ___etext__
ffffffff   ___pinit__
00008600   ___text__
0000d98e   __args_main
0000fcbc   __cleanup_ptr
0000fcbe   __dtors_ptr
0000fcba   __lock
0000d9fa   __nop
0000d9f6   __register_lock
0000d9f2   __register_unlock
00000400   __stack
0000fcb8   __unlock
0000ff86   _abCheckRequest
000100a2   _abCrcHi
000101a2   _abCrcLo
0000ff96   _abRequest
0000ff8c   _abResponse
0000ff80   _abSetRequest
0000d9a9   _abort
0000ed3f   _abs_position
0000b446   _asc2hex
0000d7c0   _atan2
0000ee64   _bin
0000d80f   _c_int00
0000cdf4   _clkg_delay_loop
0000d855   _cos
0000ed7c   _cos_theta
0000e274   _cpu_timer0_isr
0000fe41   _debug_cnt
0000fe48   _debug_rd_addr
0000fe4a   _debug_rd_addr_tmp
0000fe40   _debug_state
0000fe42   _debug_sum
0000fe43   _debug_sum_temp
0000fe80   _debug_tx_buf
0000fe45   _debug_tx_end
0000fe47   _debug_tx_pos
0000fe4c   _debug_wr_addr
0000fe4e   _debug_wr_data
0000fe46   _debug_wr_size
0000fe44   _debug_wr_sum_flag
0000ff04   _deg_Dac
0000ff00   _deg_sDacTmp
0000cdde   _delay_loop
0000d04e   _dev_BackgroundDAC
0000cf6b   _dev_DacSetup
0000cf83   _dev_InitDACVariable
0000cfd2   _dev_SendDAC
0000893c   _digital_out_proc
0000890e   _digital_port_check
0000888a   _driver_enable_proc
0000ed2d   _etest1
0000ed2f   _etest2
0000ed2e   _etest3
0000ed36   _etest4
0000d9ab   _exit
0000ed17   _flag0
0000ee2c   _freq_vf
0000ee14   _freq_vf_set
0000ee80   _g2b
0000ed2b   _gNum
0000c5d8   _get_command
0000b45d   _hex2asc
00008600   _input_state
0000edd2   _inv_Jm
0000ed33   _inv_rdata1
0000ed2c   _inv_rdata2
000089c7   _linear_eq
0000caba   _main
0000ce0a   _mcbsp_xmit
0000da03   _memset
0000ed40   _option_board_ID
0000ed3e   _rdata1
0000ed41   _rdata2
0000ed39   _result1
0000bffb   _rsvd_ISR
0000febe   _rx_cnt
0000ed35   _rx_complete
0000ff01   _sTemp
0000b8a2   _sci_debug_init
0000e107   _scia_rx_isr
0000e0bf   _scia_tx_isr
0000d448   _scib_init
0000d3b4   _scib_putc
0000d3ec   _scib_puts
0000fd40   _scib_rx_buf
0000fcc2   _scib_rx_end
0000e233   _scib_rx_isr
0000fcc3   _scib_rx_pos
0000fcc4   _scib_rxd
0000fd00   _scib_tx_buf
0000fcc0   _scib_tx_end
0000e1eb   _scib_tx_isr
0000fcc1   _scib_tx_pos
0000a498   _scic_TxChar
0000a4a4   _scic_TxString
0000a43b   _scic_init
0000a4d5   _scic_putc
0000a52e   _scic_puti
0000a4ea   _scic_puts
0000ef00   _scic_rx_buf
0000ed26   _scic_rx_end
0000ef80   _scic_rx_ibuf
0000e1b1   _scic_rx_isr
0000ed1f   _scic_rx_pos
0000ed25   _scic_rxd
0000a505   _scic_test
0000ef40   _scic_tx_buf
0000ed18   _scic_tx_end
0000efc0   _scic_tx_ibuf
0000e175   _scic_tx_isr
0000ed19   _scic_tx_pos
0000a4b0   _scic_tx_start
0000fcc6   _sd_s
0000d889   _sin
0000ed80   _sin_theta
0000d92d   _sqrt
0000d51e   _square
0000b5b1   _state0_proc
0000b719   _state1_proc
0000b736   _state2_proc
0000b7a9   _state3_proc
0000b7c1   _state4_proc
0000b7e2   _state5_proc
0000b811   _state6_proc
0000b829   _state7_proc
0000d96e   _strncpy
0000ed6c   _test1
0000ed6e   _test2
0000ed90   _test3
0000ed7e   _test4
0000ed37   _test_command
0000ed78   _test_ref
0000fcc5   _tttt
0000febf   _tx_cnt
0000b484   _write_txbuf_asc
0000b499   _write_txbuf_byte
0000b513   _write_txbuf_long
0000b469   _write_txbuf_string
0000b4c3   _write_txbuf_word
ffffffff   binit
0000da0a   cinit
00000000   code_start
0000da0a   etext
ffffffff   pinit


GLOBAL SYMBOLS: SORTED BY Symbol Address 

address    name
--------   ----
00000000   code_start
00000001   __TI_args_main
00000400   __STACK_SIZE
00000400   __stack
00000800   __STACK_END
00000880   _DevEmuRegs
00000a80   _FlashRegs
00000ae0   _CsmRegs
00000b00   _AdcMirror
00000b20   _XintfRegs
00000c00   _CpuTimer0Regs
00000c08   _CpuTimer1Regs
00000c10   _CpuTimer2Regs
00000ce0   _PieCtrlRegs
00000d00   _PieVectTable
00001000   _DmaRegs
00004000   _ZONE0_BUF
00005000   _McbspaRegs
00005040   _McbspbRegs
00006000   _ECanaRegs
00006040   _ECanaLAMRegs
00006080   _ECanaMOTSRegs
000060c0   _ECanaMOTORegs
00006100   _ECanaMboxes
00006200   _ECanbRegs
00006240   _ECanbLAMRegs
00006280   _ECanbMOTSRegs
000062c0   _ECanbMOTORegs
00006300   _ECanbMboxes
00006800   _EPwm1Regs
00006840   _EPwm2Regs
00006880   _EPwm3Regs
000068c0   _EPwm4Regs
00006900   _EPwm5Regs
00006940   _EPwm6Regs
00006a00   _ECap1Regs
00006a20   _ECap2Regs
00006a40   _ECap3Regs
00006a60   _ECap4Regs
00006a80   _ECap5Regs
00006aa0   _ECap6Regs
00006b00   _EQep1Regs
00006b40   _EQep2Regs
00006f80   _GpioCtrlRegs
00006fc0   _GpioDataRegs
00006fe0   _GpioIntRegs
00007010   _SysCtrlRegs
00007040   _SpiaRegs
00007050   _SciaRegs
00007070   _XIntruptRegs
00007100   _AdcRegs
00007750   _ScibRegs
00007770   _ScicRegs
00007900   _I2caRegs
00008600   .text
00008600   ___text__
00008600   _input_state
00008620   _DI_Function
000087c0   _Multi_Step_Processing
0000886e   _DI_RUN_DIR
0000888a   _driver_enable_proc
0000888b   _DI_Processing
0000890e   _digital_port_check
0000893c   _digital_out_proc
000089c7   _linear_eq
00008a02   _GetAnaCount
00008bc4   _GetAnalogRef
000095f5   _LPF1
00009614   _AnalogInputProcessing
0000963f   _CheckPowerVersion
00009700   _CheckOptionCardID
0000970f   _VF_Controller
00009813   _Flux_Estimation
00009be6   _Current_Controller
00009dee   _SVPWM
0000a0d4   _Field_Weakening
0000a248   _Flux_Controller
0000a311   _Speed_Controller
0000a43b   _scic_init
0000a498   _scic_TxChar
0000a4a4   _scic_TxString
0000a4b0   _scic_tx_start
0000a4d5   _scic_putc
0000a4ea   _scic_puts
0000a505   _scic_test
0000a52e   _scic_puti
0000a543   _CRC_16
0000a567   _Write_TransmitSerialStack
0000a579   _Write_TransmitSerialStack_CRC_Update
0000a599   _Read_ReceiveSerialStack
0000a5ab   _Xmitt_Packet_Head
0000a5bf   _Xmitt_Packet_End
0000a5d3   _Send_Parameter
0000a5f5   _Read_Parameter
0000a60c   _Read_Answer
0000a62e   _Write_Answer
0000a643   _Serial_Comm_Protocol
0000a73c   _Keypad_Serial_Communication
0000acb5   _Auto_Tuning
0000b35b   _Reference_Function_Auto_Tuning
0000b446   _asc2hex
0000b45d   _hex2asc
0000b469   _write_txbuf_string
0000b484   _write_txbuf_asc
0000b499   _write_txbuf_byte
0000b4c3   _write_txbuf_word
0000b513   _write_txbuf_long
0000b5b1   _state0_proc
0000b719   _state1_proc
0000b736   _state2_proc
0000b7a9   _state3_proc
0000b7c1   _state4_proc
0000b7e2   _state5_proc
0000b811   _state6_proc
0000b829   _state7_proc
0000b8a2   _sci_debug_init
0000b8db   _Speed_Calculation_ABS
0000bcef   _INT13_ISR
0000bcf9   _INT14_ISR
0000bd03   _DATALOG_ISR
0000bd0d   _RTOSINT_ISR
0000bd17   _EMUINT_ISR
0000bd21   _NMI_ISR
0000bd2b   _ILLEGAL_ISR
0000bd35   _USER1_ISR
0000bd3f   _USER2_ISR
0000bd49   _USER3_ISR
0000bd53   _USER4_ISR
0000bd5d   _USER5_ISR
0000bd67   _USER6_ISR
0000bd71   _USER7_ISR
0000bd7b   _USER8_ISR
0000bd85   _USER9_ISR
0000bd8f   _USER10_ISR
0000bd99   _USER11_ISR
0000bda3   _USER12_ISR
0000bdad   _SEQ1INT_ISR
0000bdb7   _SEQ2INT_ISR
0000bdc1   _XINT1_ISR
0000bdcb   _XINT2_ISR
0000bdd5   _ADCINT_ISR
0000bddf   _TINT0_ISR
0000bde9   _WAKEINT_ISR
0000bdf3   _EPWM1_TZINT_ISR
0000bdfd   _EPWM2_TZINT_ISR
0000be07   _EPWM3_TZINT_ISR
0000be11   _EPWM4_TZINT_ISR
0000be1b   _EPWM5_TZINT_ISR
0000be25   _EPWM6_TZINT_ISR
0000be2f   _EPWM1_INT_ISR
0000be39   _EPWM2_INT_ISR
0000be43   _EPWM3_INT_ISR
0000be4d   _EPWM4_INT_ISR
0000be57   _EPWM5_INT_ISR
0000be61   _EPWM6_INT_ISR
0000be6b   _ECAP1_INT_ISR
0000be75   _ECAP2_INT_ISR
0000be7f   _ECAP3_INT_ISR
0000be89   _ECAP4_INT_ISR
0000be93   _ECAP5_INT_ISR
0000be9d   _ECAP6_INT_ISR
0000bea7   _EQEP1_INT_ISR
0000beb1   _EQEP2_INT_ISR
0000bebb   _SPIRXINTA_ISR
0000bec5   _SPITXINTA_ISR
0000becf   _MRINTB_ISR
0000bed9   _MXINTB_ISR
0000bee3   _MRINTA_ISR
0000beed   _MXINTA_ISR
0000bef7   _DINTCH1_ISR
0000bf01   _DINTCH2_ISR
0000bf0b   _DINTCH3_ISR
0000bf15   _DINTCH4_ISR
0000bf1f   _DINTCH5_ISR
0000bf29   _DINTCH6_ISR
0000bf33   _I2CINT1A_ISR
0000bf3d   _I2CINT2A_ISR
0000bf47   _SCIRXINTC_ISR
0000bf51   _SCITXINTC_ISR
0000bf5b   _SCIRXINTA_ISR
0000bf65   _SCITXINTA_ISR
0000bf6f   _SCIRXINTB_ISR
0000bf79   _SCITXINTB_ISR
0000bf83   _ECAN0INTA_ISR
0000bf8d   _ECAN1INTA_ISR
0000bf97   _ECAN0INTB_ISR
0000bfa1   _ECAN1INTB_ISR
0000bfab   _XINT3_ISR
0000bfb5   _XINT4_ISR
0000bfbf   _XINT5_ISR
0000bfc9   _XINT6_ISR
0000bfd3   _XINT7_ISR
0000bfdd   _LVF_ISR
0000bfe7   _LUF_ISR
0000bff1   _PIE_RESERVED
0000bffb   _rsvd_ISR
0000c005   _Driver_Calibration
0000c0d2   _MainPWM
0000c1fd   _GetAnaMonitCount
0000c26a   _PWM_ON_OFF
0000c2af   _DB_Controller
0000c2e5   _Mcbsp_TxINTA_ISR
0000c2f6   _Mcbsp_RxINTA_ISR
0000c317   _InitAdc
0000c376   _GetSensorValue
0000c52e   _DAC_Setup
0000c5d8   _get_command
0000c5f3   _Variable_Initialization
0000c878   _InitGpio
0000ca81   _InitXintf16Gpio
0000cab7   _Nop
0000caba   _main
0000cadd   _F28335PowerOnSet
0000cb73   _EPWM_Initialization
0000cca0   _InitMcbsp
0000cca5   _InitMcbspa
0000cce1   _InitMcbspb
0000cd0d   _InitMcbspa8bit
0000cd14   _InitMcbspa12bit
0000cd1f   _InitMcbspa16bit
0000cd2a   _InitMcbspa20bit
0000cd35   _InitMcbspa24bit
0000cd40   _InitMcbspa32bit
0000cd4b   _InitMcbspb8bit
0000cd52   _InitMcbspb12bit
0000cd5d   _InitMcbspb16bit
0000cd68   _InitMcbspb20bit
0000cd73   _InitMcbspb24bit
0000cd7e   _InitMcbspb32bit
0000cd89   _InitMcbspGpio
0000cd8e   _InitMcbspaGpio
0000cdb6   _InitMcbspbGpio
0000cdde   _delay_loop
0000cdf4   _clkg_delay_loop
0000ce0a   _mcbsp_xmit
0000ce15   _State_Management
0000cf6b   _dev_DacSetup
0000cf83   _dev_InitDACVariable
0000cfa3   _DAC_Out
0000cfd2   _dev_SendDAC
0000d04e   _dev_BackgroundDAC
0000d0b9   _Reference_Function
0000d1ce   _InitSysCtrl
0000d1d7   _ServiceDog
0000d1e1   _DisableDog
0000d1e9   _InitPll
0000d237   _InitPeripheralClocks
0000d292   _CsmUnlock
0000d2c3   _Fault_Recording
0000d2e9   _Fault_Processing
0000d3b4   _scib_putc
0000d3ec   _scib_puts
0000d42b   _SD_GetChar
0000d440   _SD_CharReceived
0000d448   _scib_init
0000d47f   _DecimalToBianary
0000d4ad   _GrayToBinary
0000d501   _BinaryToDecimal
0000d51e   _square
0000d530   _ABIC_AutoBaud
0000d547   _ABIC_NormalMode
0000d566   _ABIC_ReadOutData
0000d598   _ABIC_WriteInData
0000d5ca   _TM_StartTimer
0000d5ce   _TM_TimeOut
0000d5d7   _MB_SendRecModbusMessage
0000d650   _InitCpuTimers
0000d697   _ConfigCpuTimer
0000d6d2   _DSPtoArray
0000d716   _DSPtoMonitoring
0000d750   _InitXintf
0000d779   _InitXintf32Gpio
0000d7c0   _atan2
0000d80f   _c_int00
0000d855   _cos
0000d889   _sin
0000d8bd   _InitPieCtrl
0000d8dc   _EnableInterrupts
0000d8e5   _GenerateCrc
0000d90b   I$$DIV
0000d91c   I$$MOD
0000d92d   _sqrt
0000d94e   _InitPieVectTable
0000d96e   _strncpy
0000d98e   __args_main
0000d9a9   C$$EXIT
0000d9a9   _abort
0000d9ab   _exit
0000d9c2   FS$$DIV
0000d9db   _MemCopy
0000d9f2   __register_unlock
0000d9f6   __register_lock
0000d9fa   __nop
0000da03   _memset
0000da0a   ___cinit__
0000da0a   ___etext__
0000da0a   cinit
0000da0a   etext
0000e0bf   _scia_tx_isr
0000e107   _scia_rx_isr
0000e175   _scic_tx_isr
0000e1b1   _scic_rx_isr
0000e1eb   _scib_tx_isr
0000e233   _scib_rx_isr
0000e259   _InitFlash
0000e274   _cpu_timer0_isr
0000e28d   _DSP28x_usDelay
0000ed00   _Adc_Vdc
0000ed01   _Adc_AIN_I1
0000ed02   _Adc_Vphase
0000ed03   _Adc_Wphase
0000ed04   _Adc_AIN_V1
0000ed05   _NewFrame_Packet_State
0000ed06   _NewFrame_Detect
0000ed07   _NewFrame_ByteCnt
0000ed08   _Packet_ByteCnt
0000ed09   _Frame_ByteCnt
0000ed0a   _Adc_Uphase
0000ed0b   _Adc_V_Range
0000ed0c   _Adc_Temperature
0000ed0d   _EPwmPeriodCount
0000ed0e   _Driver_ON
0000ed0f   _Flux_build_up
0000ed10   _Adc_AIN_V2
0000ed11   _Adc_AIN_I2
0000ed12   _Adc_AIN_3
0000ed13   _Adc_AIN_5
0000ed14   _Adc_AIN_4
0000ed15   _CRC
0000ed16   _Packet_Head
0000ed17   _flag0
0000ed18   _scic_tx_end
0000ed19   _scic_tx_pos
0000ed1a   _Auto_tuning_index
0000ed1b   _State_Index
0000ed1c   _Group_index
0000ed1d   _Comm_INDEX
0000ed1e   _Comm_GROUP
0000ed1f   _scic_rx_pos
0000ed20   _TXD_StackReadPtr
0000ed21   _TXD_StackWritePtr
0000ed22   _NewFrame_StackPtr
0000ed23   _Packet_StackPtr
0000ed24   _Frame_StackPtr
0000ed25   _scic_rxd
0000ed26   _scic_rx_end
0000ed27   _RXD
0000ed28   _RXD_StackReadPtr
0000ed29   _RXD_StackWritePtr
0000ed2a   _Command
0000ed2b   _gNum
0000ed2c   _inv_rdata2
0000ed2d   _etest1
0000ed2e   _etest3
0000ed2f   _etest2
0000ed30   _Steps_per_turn
0000ed31   _Number_of_turns
0000ed32   _Steps_buf1
0000ed33   _inv_rdata1
0000ed34   _Steps_buf2
0000ed35   _rx_complete
0000ed36   _etest4
0000ed37   _test_command
0000ed38   _DA1_val
0000ed39   _result1
0000ed3a   _DA2_val
0000ed3b   _DA4_val
0000ed3c   _PPR
0000ed3d   _DA3_val
0000ed3e   _rdata1
0000ed3f   _abs_position
0000ed40   _option_board_ID
0000ed41   _rdata2
0000ed42   _Steps_per_turn_buf
0000ed43   _Number_of_turns_buf
0000ed44   _Sin_Theta
0000ed46   _Ki_sc
0000ed48   _Sin_Theta_vtg
0000ed4a   _Cos_Theta
0000ed4c   _Kp_sc
0000ed4e   _Theta
0000ed50   _Main_counter
0000ed52   _Te
0000ed54   _Thetar
0000ed56   _Cos_Theta_vtg
0000ed58   _Ka_cc
0000ed5a   _Ki_cc
0000ed5c   _L2_sp_est
0000ed5e   _L1_sp_est
0000ed60   _L3_sp_est
0000ed62   _Ka_sc
0000ed64   _L3_sp_tmp
0000ed66   _T_dead_Tuning
0000ed68   _Wc_cc
0000ed6a   _Kp_cc
0000ed6c   _test1
0000ed6e   _test2
0000ed70   _Wrpm_det1
0000ed72   _DA4_mid
0000ed74   _Wrn1
0000ed76   _DA4_rng
0000ed78   _test_ref
0000ed7a   _DrivePower
0000ed7c   _cos_theta
0000ed7e   _test4
0000ed80   _sin_theta
0000ed82   _DA2
0000ed84   _DA2_rng
0000ed86   _DA1_mid
0000ed88   _DA1
0000ed8a   _DA1_rng
0000ed8c   _Interrupt_time_max
0000ed8e   _DA4
0000ed90   _test3
0000ed92   _DA3_mid
0000ed94   _DA3
0000ed96   _DA3_rng
0000ed98   _AnaCmdReference
0000ed9a   _Accel_time
0000ed9c   _Final_reference
0000ed9e   _Accel_time_Auto_tuning
0000eda0   _Decel_time_Auto_tuning
0000eda2   _Wrpm_scale
0000eda4   _Decel_time
0000eda6   _LAMqrs_vm
0000eda8   _LAMdrs
0000edaa   _LAMqrs_cm
0000edac   _Init_reference
0000edae   _Init_reference_Auto_tuning
0000edb0   _LAMdrs_vm
0000edb2   _LAMqrs
0000edb4   _Vdse_ref
0000edb6   _Vqse_ref
0000edb8   _Vdss_ref
0000edba   _Ibs
0000edbc   _Ics
0000edbe   _Vqss_ref
0000edc0   _Ias
0000edc2   _Vdss_ref_old
0000edc4   _Vqss_ref_old
0000edc6   _Vdc
0000edc8   _Vqse_ref_fb
0000edca   _Vqse_ref_integ
0000edcc   _Vdc_max
0000edce   _Bm
0000edd0   _LAMdre_rate
0000edd2   _inv_Jm
0000edd4   _Lr
0000edd6   _Lls
0000edd8   _Pole_pair
0000edda   _LAMdre_ref
0000eddc   _Rs
0000edde   _Rr
0000ede0   _Lm
0000ede2   _Jm
0000ede4   _Lsigma
0000ede6   _Temp_HHH2
0000ede8   _Temp_HHH3
0000edea   _Supply_Voltage
0000edec   _LAMdrs_cm
0000edee   _Vdse_ref_fb
0000edf0   _Temp_HHH1
0000edf2   _Jm_est
0000edf4   _Kt
0000edf6   _Is_rate
0000edf8   _Llr
0000edfa   _Wrpm_max
0000edfc   _Load_Power
0000edfe   _Ls
0000ee00   _Wrpm_ref
0000ee02   _Wrpm_fw1
0000ee04   _Wr
0000ee06   _Wrm_det
0000ee08   _Wrpm_det
0000ee0a   _Wc_sc
0000ee0c   _Wrpm_fw2
0000ee0e   _LAMdre
0000ee10   _LAMdre_flt
0000ee12   _Idse_ref_max
0000ee14   _freq_vf_set
0000ee16   _We
0000ee18   _Iqse_max_fw
0000ee1a   _Freq_Fst
0000ee1c   _Wc_fc
0000ee1e   _Kp_Fst
0000ee20   _Ki_fc
0000ee22   _Ka_fc
0000ee24   _Ki_Fst
0000ee26   _Kp_fc
0000ee28   _K_CM1
0000ee2a   _K_CM2
0000ee2c   _freq_vf
0000ee2e   _K_fw2
0000ee30   _Wc_Fst
0000ee32   _Wrm_det_flt
0000ee34   _Is_max
0000ee36   _Ics_ref
0000ee38   _Is_mag
0000ee3a   _Idss
0000ee3c   _Is_mag_rms
0000ee3e   _Ias_offset
0000ee40   _Wrpm_rate
0000ee42   _Ibs_offset
0000ee44   _Ibs_ref
0000ee46   _Ias_ref
0000ee48   _Iqss
0000ee4a   _Iqss_ref
0000ee4c   _Idss_ref
0000ee4e   _Idse_ref
0000ee50   _Iqse_ref
0000ee52   _DA2_mid
0000ee54   _K_fw1
0000ee56   _Iqse
0000ee58   _Idse
0000ee5a   _DutyCount
0000ee5e   _Flag
0000ee64   _bin
0000ee80   _g2b
0000ee90   _TXD_Stack
0000eea4   _TTXD_Stack
0000eec0   _MonitorMsg
0000ef00   _scic_rx_buf
0000ef40   _scic_tx_buf
0000ef80   _scic_rx_ibuf
0000efc0   _scic_tx_ibuf
0000f000   _RRXD_Stack
0000f040   _RXD_Stack
0000f080   _FaultInfo
0000f100   _Comm_array
0000fcb8   __unlock
0000fcba   __lock
0000fcbc   __cleanup_ptr
0000fcbe   __dtors_ptr
0000fcc0   _scib_tx_end
0000fcc1   _scib_tx_pos
0000fcc2   _scib_rx_end
0000fcc3   _scib_rx_pos
0000fcc4   _scib_rxd
0000fcc5   _tttt
0000fcc6   _sd_s
0000fd00   _scib_tx_buf
0000fd40   _scib_rx_buf
0000fd80   _ADTest
0000fd81   _P12_7
0000fd82   _P6_0
0000fd83   _P6_8
0000fd84   _P6_7
0000fd85   _P6_9
0000fd86   _P9_16
0000fd87   _P6_2
0000fd88   _P6_1
0000fd89   _P11_1
0000fd8a   _P11_0
0000fd8b   _P11_6
0000fd8c   _P12_0
0000fd8d   _P8_3
0000fd8e   _P8_5
0000fd8f   _P8_6
0000fd90   _P8_4
0000fd91   _P8_2
0000fd92   _P12_5
0000fd93   _P12_4
0000fd94   _P12_6
0000fd95   _P12_1
0000fd96   _P8_1
0000fd97   _P12_3
0000fd98   _P12_2
0000fd9a   _P6_4
0000fd9c   _P6_3
0000fd9e   _P6_6
0000fda0   _P6_5
0000fda2   _CH4_COUNT_AT_4MA
0000fda4   _CH4_COUNT_AT_0MA
0000fda6   _CH4_COUNT_AT_0V
0000fda8   _CH3_COUNT_AT_0V
0000fdaa   _CH3_COUNT_AT_20MA
0000fdac   _CH4_COUNT_AT_20MA
0000fdae   _CH5_COUNT_AT_20MA
0000fdb0   _CH5_COUNT_AT_4MA
0000fdb2   _CH5_COUNT_AT_10V
0000fdb4   _CH4_COUNT_AT_10V
0000fdb6   _CH3_COUNT_AT_10V
0000fdb8   _CH5_COUNT_AT_0V
0000fdba   _CH1_COUNT_AT_10V
0000fdbc   _CH1_COUNT_AT_0V
0000fdbe   _CH2_COUNT_AT_4MA
0000fdc0   _CH1_COUNT_AT_4MA
0000fdc2   _CH1_COUNT_AT_0MA
0000fdc4   _CH2_COUNT_AT_0MA
0000fdc6   _CH3_COUNT_AT_0MA
0000fdc8   _CH2_COUNT_AT_10V
0000fdca   _CH5_COUNT_AT_0MA
0000fdcc   _CH2_COUNT_AT_20MA
0000fdce   _CH1_COUNT_AT_20MA
0000fdd0   _CH3_COUNT_AT_4MA
0000fdd2   _CH2_COUNT_AT_0V
0000fdd4   _P1_2
0000fdd6   _P1_3
0000fdd8   _P1_0
0000fdda   _P1_1
0000fddc   _P1_7
0000fdde   _P11_2
0000fde0   _P1_5
0000fde2   _P1_6
0000fde4   _P1_4
0000fde6   _P9_10
0000fde8   _P9_11
0000fdea   _P9_9
0000fdec   _P9_7
0000fdee   _P9_8
0000fdf0   _P9_15
0000fdf2   _P9_0
0000fdf4   _P9_14
0000fdf6   _P9_12
0000fdf8   _P9_13
0000fdfa   _P9_6
0000fdfc   _P9_1
0000fdfe   _P9_2
0000fe00   _P19_3
0000fe02   _P11_4
0000fe04   _P11_5
0000fe06   _P9_4
0000fe08   _P9_5
0000fe0a   _P11_3
0000fe0c   _P9_3
0000fe40   _debug_state
0000fe41   _debug_cnt
0000fe42   _debug_sum
0000fe43   _debug_sum_temp
0000fe44   _debug_wr_sum_flag
0000fe45   _debug_tx_end
0000fe46   _debug_wr_size
0000fe47   _debug_tx_pos
0000fe48   _debug_rd_addr
0000fe4a   _debug_rd_addr_tmp
0000fe4c   _debug_wr_addr
0000fe4e   _debug_wr_data
0000fe80   _debug_tx_buf
0000febe   _rx_cnt
0000febf   _tx_cnt
0000fefb   _MB_bCRCCounter
0000fefc   _MB_bTimeOutCounter
0000fefd   _MB_iTimeOutTime
0000ff00   _deg_sDacTmp
0000ff01   _sTemp
0000ff04   _deg_Dac
0000ff24   _CpuTimer1
0000ff2c   _CpuTimer2
0000ff34   _CpuTimer0
0000ff80   _abSetRequest
0000ff86   _abCheckRequest
0000ff8c   _abResponse
0000ff96   _abRequest
0000ffa2   _PieVectTableInit
000100a2   _abCrcHi
000101a2   _abCrcLo
0033fff8   _CsmPwl
00380080   _ADC_cal
003febdc   _FPUsinTable
003fecdc   _FPUcosTable
003fefdc   _FPUsinTableEnd
003ff0de   _FPUatan2HalfPITable
003ff0de   _FPUcosTableEnd
003ff0e2   _FPUatan2Table
003ff268   _FPUatan2TableEnd
ffffffff   ___binit__
ffffffff   ___c_args__
ffffffff   ___pinit__
ffffffff   binit
ffffffff   pinit

[670 symbols]
